0000000000000000 a __start__
0000000000000000 T _start
0000000000000000 b _TLS_MODULE_BASE_
0000000000000000 0000000000000001 b g_resolverDisableServiceDiscovery
0000000000000004 0000000000000004 b g_resolverCancelHandle
0000000000000008 0000000000000004 b g_resolverResult
000000000000000c 0000000000000004 b fsdev_last_result
0000000000000010 0000000000000401 B __nx_dev_path_buf
00000000000000e0 T __nx_exit
00000000000000f0 T __nx_mod0
0000000000000140 0000000000000034 T exit
0000000000000180 00000000000009e0 T main
0000000000000414 0000000000000004 B g_bsdErrno
0000000000000418 0000000000000004 B g_bsdResult
000000000000041c 0000000000000004 b g_fsPriority
0000000000000b60 t __do_global_dtors_aux
0000000000000bc0 t frame_dummy
0000000000000bf0 0000000000000074 t WriteMemoryCallback
0000000000000c70 0000000000000004 t write_data
0000000000000c80 00000000000000d4 t create_parent_directories
0000000000000d60 0000000000000084 t is_local_fs_path
0000000000000df0 00000000000000a0 t build_local_source_path.constprop.0
0000000000000e90 00000000000000b8 t get_filename_from_href.constprop.0
0000000000000f50 0000000000000158 t extract_archive_org_id.constprop.0
00000000000010b0 0000000000000044 T archive_org_init
0000000000001100 0000000000000030 T archive_org_exit
0000000000001130 0000000000000110 T http_get
0000000000001240 0000000000000120 T http_download_file
0000000000001360 0000000000000ba4 T archive_org_list_files
0000000000001f10 000000000000045c T archive_org_download_file
0000000000002370 000000000000005c T config_create
00000000000023d0 0000000000000088 T config_destroy
0000000000002460 00000000000001f4 T config_load
0000000000002660 000000000000010c T config_save
0000000000002770 0000000000000034 T config_set_download_path
00000000000027b0 00000000000000a4 T config_add_custom_repo
0000000000002860 0000000000000030 T config_get_custom_repo
0000000000002890 0000000000000014 T config_get_repo_count
00000000000028b0 00000000000000e8 T config_remove_custom_repo
00000000000029a0 0000000000000080 t add_persistent_repos
0000000000002a20 000000000000006c t append_to_message.constprop.0
0000000000002a90 0000000000000048 T ensure_sdmc_mounted
0000000000002ae0 0000000000000108 t normalize_sdmc_path.part.0.constprop.0
0000000000002bf0 0000000000000060 t is_root_path
0000000000002c50 00000000000002bc t path_navigator_load_entries
0000000000002f10 0000000000000050 T path_navigator_create
0000000000002f60 0000000000000064 T path_navigator_destroy
0000000000002fd0 00000000000000a4 T path_navigator_go_back
0000000000003080 0000000000000150 T path_navigator_enter_folder
00000000000031d0 00000000000000d4 T path_navigator_create_folder
00000000000032b0 0000000000000004 T path_navigator_get_current
00000000000032c0 000000000000002c T path_navigator_get_selected_entry
00000000000032f0 000000000000000c T path_navigator_get_entries
0000000000003300 0000000000000014 T path_navigator_get_entry_count
0000000000003320 000000000000002c T path_navigator_move_selection
0000000000003350 000000000000001c t repository_item_compare
0000000000003370 0000000000000024 T repository_manager_create
00000000000033a0 0000000000000088 T repository_manager_destroy
0000000000003430 00000000000000a4 T repository_add
00000000000034e0 0000000000000030 T repository_get
0000000000003510 00000000000000ac T repository_add_item
00000000000035c0 0000000000000038 T repository_clear_items
0000000000003600 0000000000000034 T repository_sort_items
0000000000003640 0000000000000058 t ui_ensure_scroll
00000000000036a0 0000000000000044 T ui_state_create
00000000000036f0 000000000000003c T ui_state_destroy
0000000000003730 0000000000000074 T ui_handle_input
00000000000037b0 00000000000000a4 T ui_show_text_input
0000000000003860 0000000000000140 T ui_draw_main_menu
00000000000039a0 00000000000001c8 T ui_draw_repository_browser
0000000000003b70 00000000000000e8 T ui_draw_settings_menu
0000000000003c60 00000000000001cc T ui_draw_path_picker
0000000000003e30 0000000000000050 T ui_draw_message
0000000000003e80 00000000000000a4 t curl_global_init
0000000000003f30 0000000000000020 t curl_global_cleanup
0000000000003f50 00000000000000a8 t curl_easy_init
0000000000004000 0000000000000170 t curl_easy_perform
0000000000004170 0000000000000020 t curl_easy_cleanup
0000000000004190 0000000000000030 t curl_easy_getinfo
00000000000041c0 0000000000000024 t conn_is_conn
00000000000041f0 00000000000000f4 t connect_SOCKS
00000000000042f0 0000000000000060 t verifyconnect
0000000000004350 00000000000000f4 t Curl_timeleft
0000000000004450 0000000000000074 t Curl_persistconninfo
00000000000044d0 0000000000000248 t Curl_updateconninfo.part.0
0000000000004720 0000000000000014 t Curl_updateconninfo
0000000000004740 00000000000000a4 t Curl_getconnectinfo
00000000000047f0 0000000000000060 t Curl_connalive
0000000000004850 00000000000000b0 t Curl_closesocket
0000000000004900 0000000000000130 t Curl_socket
0000000000004a30 0000000000000880 t singleipconnect
00000000000052b0 00000000000000dc t trynextip
0000000000005390 00000000000004bc t Curl_is_connected
0000000000005850 000000000000011c t Curl_connecthost
0000000000005970 0000000000000048 t Curl_conncontrol
00000000000059c0 000000000000006c t Curl_conn_data_pending
0000000000005a30 0000000000000010 t trhash
0000000000005a40 0000000000000014 t trhash_compare
0000000000005a60 0000000000000004 t trhash_dtor
0000000000005a70 0000000000000014 t sh_freeentry
0000000000005a90 0000000000000014 t fd_key_compare
0000000000005ab0 0000000000000010 t hash_fd
0000000000005ac0 0000000000000158 t multi_getsock
0000000000005c20 00000000000004e0 t singlesocket
0000000000006100 000000000000009c t multi_timeout.part.0
00000000000061a0 00000000000000f8 t add_next_timeout.isra.0
00000000000062a0 0000000000000558 t Curl_multi_wait.part.0
0000000000006800 00000000000001b8 t Curl_multi_handle
00000000000069c0 0000000000000014 t Curl_multiplex_wanted
00000000000069e0 000000000000001c t Curl_attach_connnection
0000000000006a00 0000000000000044 t curl_multi_poll
0000000000006a50 000000000000009c t curl_multi_info_read
0000000000006af0 00000000000000b0 t Curl_multi_closed
0000000000006ba0 000000000000021c t curl_multi_setopt
0000000000006dc0 00000000000000cc t Curl_update_timer
0000000000006e90 000000000000022c t Curl_expire
00000000000070c0 0000000000000174 t curl_multi_add_handle
0000000000007240 0000000000000078 t process_pending_handles
00000000000072c0 00000000000002e4 t multi_done
00000000000075b0 0000000000000130 t curl_multi_cleanup
00000000000076e0 0000000000001384 t multi_runsingle
0000000000008a70 0000000000000110 t curl_multi_perform
0000000000008b80 000000000000003c t Curl_expire_done
0000000000008bc0 00000000000000c4 t Curl_expire_clear
0000000000008c90 000000000000003c t Curl_init_completed
0000000000008cd0 000000000000020c t curl_multi_remove_handle
0000000000008ee0 0000000000000014 t Curl_multi_max_host_connections
0000000000008f00 0000000000000014 t Curl_multi_max_total_connections
0000000000008f20 0000000000000028 t Curl_set_in_callback
0000000000008f50 0000000000000050 t Curl_share_lock
0000000000008fa0 0000000000000050 t Curl_share_unlock
0000000000008ff0 0000000000000088 t Curl_input_digest
0000000000009080 00000000000001e0 t Curl_output_digest
0000000000009260 0000000000000030 t Curl_http_auth_cleanup_digest
0000000000009290 0000000000000440 t curl_easy_strerror
00000000000096d0 0000000000000104 t Curl_strerror
00000000000097e0 0000000000000054 t Curl_wait_ms
0000000000009840 00000000000001fc t Curl_socket_check
0000000000009a40 0000000000000104 t Curl_poll
0000000000009b50 000000000000014c t Curl_splay
0000000000009ca0 00000000000000ac t Curl_splayinsert
0000000000009d50 00000000000000b0 t Curl_splaygetbest
0000000000009e00 00000000000000ec t Curl_splayremovebyaddr
0000000000009ef0 0000000000000054 t Curl_memdup
0000000000009f50 0000000000000058 t Curl_saferealloc
0000000000009fb0 000000000000003c t Curl_SOCKS_getsock
0000000000009ff0 00000000000005c4 t Curl_SOCKS4
000000000000a5c0 0000000000000a68 t Curl_SOCKS5
000000000000b030 0000000000000058 t Curl_slist_append_nodup
000000000000b090 0000000000000094 t curl_slist_append
000000000000b130 000000000000005c t curl_slist_free_all
000000000000b190 0000000000000040 t curlx_nonblock
000000000000b1d0 0000000000000004 t curlx_ultous
000000000000b1e0 0000000000000004 t curlx_ultouc
000000000000b1f0 0000000000000008 t curlx_uztosi
000000000000b200 0000000000000004 t curlx_uztoui
000000000000b210 0000000000000008 t curlx_sltosi
000000000000b220 0000000000000004 t curlx_sltous
000000000000b230 0000000000000008 t curlx_uztosz
000000000000b240 0000000000000004 t curlx_sotouz
000000000000b250 0000000000000024 t Curl_connect_complete
000000000000b280 0000000000000024 t Curl_connect_ongoing
000000000000b2b0 0000000000000038 t Curl_connect_free
000000000000b2f0 0000000000000bfc t Curl_proxyCONNECT
000000000000bef0 000000000000013c t Curl_proxy_connect
000000000000c030 0000000000000008 t conn_llist_dtor
000000000000c040 0000000000000044 t free_bundle_hash_entry
000000000000c090 0000000000000090 t Curl_conncache_init
000000000000c120 000000000000000c t Curl_conncache_destroy
000000000000c130 0000000000000014 t Curl_conncache_unlock
000000000000c150 0000000000000068 t Curl_conncache_size
000000000000c1c0 00000000000000c0 t Curl_conncache_find_bundle
000000000000c280 000000000000017c t Curl_conncache_add_conn
000000000000c400 0000000000000148 t Curl_conncache_remove_conn
000000000000c550 00000000000000ec t Curl_conncache_foreach
000000000000c640 0000000000000128 t Curl_conncache_extract_bundle
000000000000c770 000000000000018c t Curl_conncache_extract_oldest
000000000000c900 00000000000000d8 t Curl_conncache_return_conn
000000000000c9e0 00000000000000e0 t Curl_conncache_close_all_connections
000000000000cac0 00000000000000c0 t escape_string
000000000000cb80 000000000000004c t mime_mem_seek
000000000000cbd0 0000000000000034 t mime_mem_free
000000000000cc10 0000000000000098 t mime_mem_read
000000000000ccb0 00000000000000b0 t readback_bytes
000000000000cd60 0000000000000044 t mime_file_free
000000000000cdb0 0000000000000080 t mime_file_read
000000000000ce30 0000000000000090 t mime_file_seek
000000000000cec0 0000000000000474 t readback_part
000000000000d340 0000000000000310 t read_part_content.part.0
000000000000d650 0000000000000098 t search_header
000000000000d6f0 0000000000000104 t mime_subparts_seek
000000000000d800 0000000000000048 t mime_subparts_unbind
000000000000d850 00000000000000d0 t Curl_mime_cleanpart
000000000000d920 00000000000000a8 t curl_mime_free.part.0
000000000000d9d0 0000000000000048 t mime_subparts_free
000000000000da20 0000000000000098 t curl_mime_init
000000000000dac0 0000000000000038 t Curl_mime_initpart
000000000000db00 0000000000000090 t curl_mime_addpart
000000000000db90 0000000000000070 t curl_mime_name
000000000000dc00 0000000000000070 t curl_mime_filename
000000000000dc70 00000000000001c4 t curl_mime_filedata.part.0
000000000000de40 0000000000000118 t curl_mime_data
000000000000df60 000000000000008c t curl_mime_filedata
000000000000dff0 0000000000000070 t curl_mime_type
000000000000e060 000000000000007c t curl_mime_headers
000000000000e0e0 00000000000000ac t curl_mime_data_cb
000000000000e190 0000000000000138 t Curl_mime_set_subparts
000000000000e2d0 0000000000000008 t curl_mime_subparts
000000000000e2e0 0000000000000050 T Curl_mime_read
000000000000e330 0000000000000094 t Curl_mime_rewind
000000000000e3d0 0000000000000188 t Curl_mime_size
000000000000e560 00000000000000b8 t Curl_mime_add_header
000000000000e620 00000000000000ac t Curl_mime_contenttype
000000000000e6d0 000000000000055c t Curl_mime_prepare_headers
000000000000ec30 00000000000000cc t setstropt_userpwd
000000000000ed00 00000000000000a4 t Curl_setstropt
000000000000edb0 0000000000002d24 t Curl_vsetopt
0000000000011ae0 000000000000006c t curl_easy_setopt
0000000000011b50 0000000000000024 t Curl_isspace
0000000000011b80 0000000000000024 t Curl_isdigit
0000000000011bb0 0000000000000024 t Curl_isalnum
0000000000011be0 0000000000000028 t Curl_isxdigit
0000000000011c10 0000000000000030 t Curl_isgraph
0000000000011c40 0000000000000024 t Curl_isalpha
0000000000011c70 0000000000000024 t Curl_isupper
0000000000011ca0 0000000000000024 t Curl_iscntrl
0000000000011cd0 0000000000000058 t auth_digest_sha256_to_ascii
0000000000011d30 0000000000000058 t auth_digest_md5_to_ascii
0000000000011d90 000000000000054c t auth_create_digest_http_message
00000000000122e0 0000000000000118 t Curl_auth_digest_get_pair
0000000000012400 0000000000000008 t Curl_auth_is_digest_supported
0000000000012410 0000000000000864 t Curl_auth_create_digest_md5_message
0000000000012c80 0000000000000088 t Curl_auth_create_digest_http_message
0000000000012d10 0000000000000098 t Curl_auth_digest_cleanup
0000000000012db0 00000000000004bc t Curl_auth_decode_digest_http_message
0000000000013270 0000000000000004 T Curl_none_cleanup
0000000000013280 0000000000000008 T Curl_none_shutdown
0000000000013290 0000000000000008 T Curl_none_check_cxn
00000000000132a0 0000000000000008 T Curl_none_random
00000000000132b0 0000000000000004 T Curl_none_close_all
00000000000132c0 0000000000000008 T Curl_none_data_pending
00000000000132d0 0000000000000008 T Curl_none_cert_status_request
00000000000132e0 0000000000000008 T Curl_none_set_engine
00000000000132f0 0000000000000008 T Curl_none_set_engine_default
0000000000013300 0000000000000008 T Curl_none_engines_list
0000000000013310 000000000000018c t Curl_multissl_version
00000000000134a0 00000000000000a4 t ssl_connect_init_proxy
0000000000013550 0000000000000068 t ssl_prefs_check
00000000000135c0 000000000000007c T Curl_none_md5sum
0000000000013640 00000000000000d0 t multissl_init.part.0
0000000000013710 000000000000007c t Curl_multissl_close
0000000000013790 0000000000000078 t Curl_multissl_get_internals
0000000000013810 0000000000000080 t Curl_multissl_connect_nonblocking
0000000000013890 0000000000000078 t Curl_multissl_connect
0000000000013910 0000000000000058 t Curl_multissl_init
0000000000013970 000000000000007c t Curl_ssl_free_certinfo.part.0
00000000000139f0 0000000000000004 T Curl_none_session_free
0000000000013a00 0000000000000008 T Curl_none_false_start
0000000000013a10 00000000000000e0 t Curl_ssl_config_matches
0000000000013af0 00000000000001f4 t Curl_clone_primary_ssl_config
0000000000013cf0 00000000000000a4 t Curl_free_primary_ssl_config
0000000000013da0 0000000000000040 t Curl_ssl_backend
0000000000013de0 0000000000000030 t Curl_ssl_init
0000000000013e10 0000000000000038 t Curl_ssl_cleanup
0000000000013e50 00000000000000b4 t Curl_ssl_connect
0000000000013f10 00000000000000c8 t Curl_ssl_connect_nonblocking
0000000000013fe0 000000000000006c t Curl_ssl_kill_session
0000000000014050 0000000000000098 t Curl_ssl_close_all
00000000000140f0 0000000000000008 t Curl_ssl_getsock
0000000000014100 0000000000000014 t Curl_ssl_close
0000000000014120 000000000000007c t Curl_ssl_shutdown
00000000000141a0 0000000000000014 t Curl_ssl_set_engine
00000000000141c0 0000000000000014 t Curl_ssl_set_engine_default
00000000000141e0 0000000000000014 t Curl_ssl_engines_list
0000000000014200 0000000000000064 t Curl_ssl_initsessions
0000000000014270 0000000000000014 t Curl_ssl_check_cxn
0000000000014290 0000000000000014 t Curl_ssl_data_pending
00000000000142b0 0000000000000010 t Curl_ssl_free_certinfo
00000000000142c0 000000000000006c t Curl_ssl_init_certinfo
0000000000014330 0000000000000124 t Curl_ssl_push_certinfo_len
0000000000014460 000000000000004c t Curl_ssl_push_certinfo
00000000000144b0 0000000000000014 t Curl_ssl_random
00000000000144d0 00000000000004dc t Curl_pin_peer_pubkey
00000000000149b0 0000000000000014 t Curl_ssl_cert_status_request
00000000000149d0 0000000000000014 t Curl_ssl_false_start
00000000000149f0 0000000000000014 t Curl_ssl_tls13_ciphersuites
0000000000014a10 0000000000000008 t Curl_libnx_get_internals
0000000000014a20 000000000000002c t Curl_libnx_sha256sum
0000000000014a50 0000000000000058 t Curl_libnx_close
0000000000014ab0 0000000000000074 t libnx_send
0000000000014b30 00000000000000a0 t libnx_recv
0000000000014bd0 0000000000000020 t Curl_libnx_version
0000000000014bf0 00000000000000d4 t load_file
0000000000014cd0 0000000000000180 t load_capath
0000000000014e50 000000000000046c t libnx_connect_step2
00000000000152c0 0000000000000028 t Curl_libnx_random
00000000000152f0 000000000000004c t Curl_libnx_data_pending
0000000000015340 0000000000000060 t Curl_libnx_check_cxn
00000000000153a0 0000000000000014 t Curl_libnx_cleanup
00000000000153c0 0000000000000038 t Curl_libnx_init
0000000000015400 00000000000008c8 t libnx_connect_common
0000000000015cd0 000000000000000c t Curl_libnx_connect_nonblocking
0000000000015ce0 000000000000001c t Curl_libnx_connect
0000000000015d00 0000000000000064 t Curl_now
0000000000015d70 0000000000000074 t Curl_timediff
0000000000015df0 0000000000000054 t Curl_timediff_us
0000000000015e50 00000000000001e4 t base64_encode.isra.0
0000000000016040 000000000000021c t Curl_base64_decode
0000000000016260 000000000000000c t Curl_base64_encode
0000000000016270 000000000000000c t Curl_base64url_encode
0000000000016280 0000000000000024 t hostcache_timestamp_remove
00000000000162b0 0000000000000054 t freednsentry
0000000000016310 0000000000000098 t create_hostcache_id.constprop.0
00000000000163b0 0000000000000124 t fetch_addr.isra.0
00000000000164e0 0000000000000020 t Curl_num_addresses
0000000000016500 000000000000002c t Curl_printable_address
0000000000016530 0000000000000084 t Curl_hostcache_prune
00000000000165c0 0000000000000084 t Curl_fetch_addr
0000000000016650 000000000000029c t Curl_cache_addr
00000000000168f0 0000000000000258 t Curl_resolv
0000000000016b50 000000000000008c t Curl_resolv_timeout
0000000000016be0 00000000000000cc t Curl_resolv_unlock
0000000000016cb0 0000000000000020 t Curl_mk_dnscache
0000000000016cd0 000000000000007c t Curl_hostcache_clean
0000000000016d50 0000000000000434 t Curl_loadhostpairs
0000000000017190 0000000000000018 t Curl_resolv_check
00000000000171b0 0000000000000008 t Curl_resolv_getsock
00000000000171c0 0000000000000060 t Curl_once_resolved
0000000000017220 0000000000000104 t time2str
0000000000017330 00000000000001b0 t max5data
00000000000174e0 0000000000000018 t Curl_pgrsResetTransferSizes
0000000000017500 0000000000000150 t Curl_pgrsTime
0000000000017650 00000000000000c0 t Curl_pgrsLimitWaitTime
0000000000017710 0000000000000008 t Curl_pgrsSetDownloadCounter
0000000000017720 00000000000000b0 t Curl_ratelimit
00000000000177d0 000000000000006c t Curl_pgrsStartNow
0000000000017840 0000000000000008 t Curl_pgrsSetUploadCounter
0000000000017850 000000000000002c t Curl_pgrsSetDownloadSize
0000000000017880 000000000000002c t Curl_pgrsSetUploadSize
00000000000178b0 000000000000062c t Curl_pgrsUpdate
0000000000017ee0 000000000000005c t Curl_pgrsDone
0000000000017f40 0000000000000090 t freecookie
0000000000017fd0 0000000000000020 t cookie_sort_ct
0000000000017ff0 00000000000000a8 t remove_expired
00000000000180a0 000000000000014c t cookie_sort
00000000000181f0 0000000000000088 t tailmatch
0000000000018280 0000000000000104 t sanitize_cookie_path
0000000000018390 00000000000000f0 t get_netscape_format
0000000000018480 00000000000000dc t cookiehash
0000000000018560 0000000000000e58 t Curl_cookie_add
00000000000193c0 0000000000000404 t Curl_cookie_getlist
00000000000197d0 000000000000005c t Curl_cookie_clearall
0000000000019830 0000000000000038 t Curl_cookie_freelist
0000000000019870 00000000000000ac t Curl_cookie_clearsess
0000000000019920 0000000000000080 t Curl_cookie_cleanup
00000000000199a0 0000000000000280 t Curl_cookie_init
0000000000019c20 00000000000000a4 t Curl_cookie_loadfiles
0000000000019cd0 00000000000000f0 t Curl_cookie_list
0000000000019dc0 00000000000003c8 t Curl_flush_cookies
000000000001a190 0000000000000084 t pickoneauth
000000000001a220 0000000000000060 t http_should_fail
000000000001a280 0000000000000010 t http_getsock_do
000000000001a290 00000000000000ac t http_setup_conn
000000000001a340 0000000000000018 t https_getsock
000000000001a360 0000000000000050 t https_connecting
000000000001a3b0 00000000000000e4 t readmoredata
000000000001a4a0 0000000000000108 t header_append
000000000001a5b0 00000000000000f0 t http_perhapsrewind
000000000001a6a0 00000000000000bc t checkhttpprefix.isra.0
000000000001a760 0000000000000068 t checkprotoprefix.isra.0
000000000001a7d0 00000000000000f8 t Curl_http_done
000000000001a8d0 0000000000000090 t Curl_checkProxyheaders
000000000001a960 00000000000003dc t output_auth_headers
000000000001ad40 0000000000000100 t Curl_copy_header_value
000000000001ae40 00000000000002e8 t Curl_http_auth_act
000000000001b130 000000000000017c t Curl_http_output_auth
000000000001b2b0 00000000000001dc t Curl_http_input_auth
000000000001b490 000000000000001c t Curl_add_buffer_init
000000000001b4b0 0000000000000058 t Curl_add_buffer_free
000000000001b510 0000000000000238 t Curl_add_buffer_send
000000000001b750 0000000000000148 t Curl_add_buffer
000000000001b8a0 00000000000000f8 t Curl_add_bufferf
000000000001b9a0 0000000000000194 t Curl_http_connect
000000000001bb40 0000000000000100 t Curl_compareheader
000000000001bc40 00000000000000cc t expect100
000000000001bd10 00000000000000f0 t Curl_http_compile_trailers
000000000001be00 0000000000000408 t Curl_add_custom_headers
000000000001c210 0000000000000158 t Curl_add_timecondition
000000000001c370 0000000000001734 T Curl_http
000000000001dab0 00000000000010c8 t Curl_http_readwrite_headers
000000000001eb80 000000000000011c t pausewrite
000000000001eca0 0000000000000008 t Curl_recv_has_postponed_data
000000000001ecb0 00000000000001b0 t Curl_sendf
000000000001ee60 000000000000007c t Curl_write
000000000001eee0 0000000000000068 t Curl_read_plain
000000000001ef50 0000000000000080 t Curl_read
000000000001efd0 00000000000000d4 t Curl_debug
000000000001f0b0 0000000000000124 t Curl_infof
000000000001f1e0 0000000000000120 t Curl_failf
000000000001f300 00000000000000cc T Curl_recv_plain
000000000001f3d0 0000000000000418 t Curl_client_write
000000000001f7f0 00000000000000d8 t Curl_send_plain
000000000001f8d0 000000000000003c t Curl_write_plain
000000000001f910 0000000000000194 t get_protocol_family
000000000001fab0 00000000000000c0 t up_free
000000000001fb70 0000000000000214 t conn_free
000000000001fd90 00000000000000d8 t setup_range
000000000001fe70 0000000000000078 t zonefrom_url
000000000001fef0 000000000000004c t strip_trailing_dot
000000000001ff40 00000000000000f4 t parse_proxy_auth
0000000000020040 00000000000003bc t parse_proxy
0000000000020400 0000000000000114 t call_extract_if_dead
0000000000020520 000000000000009c t Curl_freeset
00000000000205c0 0000000000000204 t Curl_close
00000000000207d0 00000000000001d4 t Curl_init_userdefined
00000000000209b0 0000000000000100 t Curl_open
0000000000020ab0 0000000000000174 t Curl_disconnect
0000000000020c30 000000000000006c t Curl_verboseconnect
0000000000020ca0 0000000000000028 t Curl_is_ASCII_name
0000000000020cd0 000000000000004c t Curl_idnconvert_hostname
0000000000020d20 0000000000000004 t Curl_free_idnconverted_hostname
0000000000020d30 0000000000000054 t Curl_builtin_scheme
0000000000020d90 0000000000000024 t Curl_uc_to_curlcode
0000000000020dc0 0000000000000050 t Curl_free_request_state
0000000000020e10 00000000000003fc t Curl_parse_login_details
0000000000021210 000000000000013c t Curl_setup_conn
0000000000021350 00000000000000ec t Curl_init_do
0000000000021440 0000000000002530 t Curl_connect
0000000000023970 0000000000000108 t unescape_word
0000000000023a80 0000000000000484 t dict_do
0000000000023f10 0000000000000008 t Curl_ipv6_scope
0000000000023f20 0000000000000108 t Curl_if2ip
0000000000024030 0000000000000010 t Curl_speedinit
0000000000024040 00000000000000d4 t Curl_speedcheck
0000000000024120 000000000000003c t curl_getenv
0000000000024160 000000000000005c t Curl_isunreserved
00000000000241c0 00000000000001b4 t Curl_urldecode
0000000000024380 0000000000000014 t curl_free
00000000000243a0 0000000000000038 t addbyter
00000000000243e0 00000000000000d0 t alloc_addbyter
00000000000244b0 00000000000000ac t curl_msnprintf
0000000000024560 0000000000001490 t dprintf_formatf
00000000000259f0 000000000000006c t curl_mvsnprintf
0000000000025a60 00000000000000ec t curl_maprintf
0000000000025b50 00000000000000ac t curl_mvaprintf
0000000000025c00 000000000000006c t curl_mfprintf
0000000000025c70 0000000000000058 t telnet_done
0000000000025cd0 0000000000000294 t check_telnet_options
0000000000025f70 00000000000001a4 t send_telnet_data
0000000000026120 00000000000003e4 t printsub.part.0
0000000000026510 00000000000000e4 t printoption.part.0
0000000000026600 0000000000000094 t send_negotiation
00000000000266a0 0000000000000174 t sendsuboption
0000000000026820 00000000000002e4 t suboption
0000000000026b10 0000000000000d88 t telnet_do
00000000000278a0 00000000000004d8 t parsenetrc
0000000000027d80 00000000000000e8 t Curl_parsenetrc
0000000000027e70 00000000000000bc t Curl_initinfo
0000000000027f30 000000000000067c t Curl_getinfo
00000000000285b0 000000000000006c t Curl_trailers_read
0000000000028620 0000000000000078 t Curl_checkheaders
00000000000286a0 000000000000004c t Curl_get_upload_buffer
00000000000286f0 0000000000000474 t Curl_fillreadbuffer
0000000000028b70 00000000000001a0 t Curl_readrewind
0000000000028d10 0000000000000088 t Curl_meets_timecondition
0000000000028da0 0000000000000040 t Curl_done_sending
0000000000028de0 0000000000000dcc t Curl_readwrite
0000000000029bb0 00000000000000bc t Curl_single_getsock
0000000000029c70 0000000000000014 t Curl_init_CONNECT
0000000000029c90 00000000000001f0 t Curl_pretransfer
0000000000029e80 0000000000000008 t Curl_posttransfer
0000000000029e90 00000000000002fc t Curl_follow
000000000002a190 000000000000014c t Curl_retry_request
000000000002a2e0 000000000000017c t Curl_setup_transfer
000000000002a460 0000000000000020 t Curl_raw_toupper
000000000002a480 00000000000000b8 t Curl_strcasecompare
000000000002a540 0000000000000020 t Curl_safe_strcasecompare
000000000002a560 00000000000000bc t Curl_strncasecompare
000000000002a620 0000000000000044 t Curl_strntoupper
000000000002a670 0000000000000004 t curl_strequal
000000000002a680 0000000000000004 t curl_strnequal
000000000002a690 0000000000000008 t fileinfo_dtor
000000000002a6a0 0000000000000038 t Curl_wildcard_init
000000000002a6e0 0000000000000078 t Curl_wildcard_dtor
000000000002a760 0000000000000010 t Curl_httpchunk_init
000000000002a770 00000000000003f8 t Curl_httpchunk_read
000000000002ab70 000000000000008c t Curl_chunked_strerror
000000000002ac00 000000000000000c t Curl_llist_init
000000000002ac10 0000000000000070 t Curl_llist_insert_next
000000000002ac80 000000000000008c t Curl_llist_remove
000000000002ad10 00000000000000b8 t Curl_llist_destroy
000000000002add0 0000000000000008 t Curl_llist_count
000000000002ade0 000000000000004c t hash_element_dtor
000000000002ae30 00000000000000c8 t Curl_hash_init
000000000002af00 00000000000000fc t Curl_hash_add
000000000002b000 00000000000000bc t Curl_hash_delete
000000000002b0c0 00000000000000a8 t Curl_hash_pick
000000000002b170 0000000000000070 t Curl_hash_destroy
000000000002b1e0 0000000000000088 t Curl_hash_clean
000000000002b270 0000000000000108 t Curl_hash_clean_with_criterium
000000000002b380 0000000000000030 T Curl_hash_str
000000000002b3b0 0000000000000038 T Curl_str_key_compare
000000000002b3f0 0000000000000010 t Curl_hash_start_iterate
000000000002b400 000000000000007c t Curl_hash_next_element
000000000002b480 000000000000001c t zalloc_cb
000000000002b4a0 0000000000000018 t zfree_cb
000000000002b4c0 0000000000000014 t identity_init_writer
000000000002b4e0 0000000000000004 t identity_close_writer
000000000002b4f0 0000000000000014 t client_init_writer
000000000002b510 00000000000000d0 t check_gzip_header.part.0
000000000002b5e0 0000000000000020 t client_unencode_write
000000000002b600 0000000000000004 t error_close_writer
000000000002b610 0000000000000004 t client_close_writer
000000000002b620 0000000000000014 t error_init_writer
000000000002b640 0000000000000020 t identity_unencode_write
000000000002b660 00000000000000a4 t deflate_init_writer
000000000002b710 0000000000000098 t deflate_close_writer
000000000002b7b0 0000000000000098 t gzip_close_writer
000000000002b850 00000000000000c8 t exit_zlib
000000000002b920 00000000000000f0 t gzip_init_writer
000000000002ba10 0000000000000364 t inflate_stream
000000000002bd80 0000000000000324 t gzip_unencode_write
000000000002c0b0 000000000000007c t deflate_unencode_write
000000000002c130 0000000000000120 t Curl_all_content_encodings
000000000002c250 0000000000000064 t error_unencode_write
000000000002c2c0 000000000000001c t Curl_unencode_write
000000000002c2e0 000000000000006c t Curl_unencode_cleanup
000000000002c350 000000000000028c t Curl_build_unencoding_stack
000000000002c5e0 0000000000000a50 t body
000000000002d030 000000000000002c t MD5_Init
000000000002d060 0000000000000214 t MD5_Final
000000000002d280 00000000000000f0 t MD5_Update
000000000002d370 00000000000000a8 T Curl_md5it
000000000002d420 0000000000000080 t Curl_MD5_init
000000000002d4a0 0000000000000020 t Curl_MD5_update
000000000002d4c0 0000000000000050 t Curl_MD5_final
000000000002d510 00000000000000cc t curlx_strtoofft
000000000002d5e0 0000000000000010 t Curl_ipvalid
000000000002d5f0 00000000000000a4 t Curl_ipv4_resolve_r
000000000002d6a0 000000000000006c t Curl_getaddrinfo
000000000002d710 00000000000005fc t parsedate.constprop.0
000000000002dd10 0000000000000048 t Curl_getdate_capped
000000000002dd60 0000000000000028 t Curl_gmtime
000000000002dd90 0000000000000058 t tftp_disconnect
000000000002ddf0 0000000000000010 t tftp_getsock
000000000002de00 00000000000002dc t tftp_rx
000000000002e0e0 000000000000016c t tftp_set_timeouts
000000000002e250 0000000000000364 t tftp_tx
000000000002e5c0 00000000000001c4 t tftp_connect
000000000002e790 00000000000000c4 t tftp_setup_connection
000000000002e860 0000000000000090 t tftp_translate_code.part.0
000000000002e8f0 0000000000000054 t tftp_done
000000000002e950 00000000000004e4 t tftp_send_first
000000000002ee40 0000000000000078 t tftp_state_machine
000000000002eec0 00000000000005fc t tftp_multi_statemach
000000000002f4c0 0000000000000070 t tftp_doing
000000000002f530 00000000000000bc t tftp_do
000000000002f5f0 000000000000005c t Curl_freeaddrinfo
000000000002f650 00000000000001a8 t Curl_getaddrinfo_ex
000000000002f800 00000000000001bc t Curl_he2ai
000000000002f9c0 0000000000000124 t Curl_ip2addr
000000000002faf0 000000000000006c t Curl_str2addr
000000000002fb60 0000000000000040 t Curl_memrchr
000000000002fba0 000000000000014c t imap_sendf
000000000002fcf0 0000000000000008 t imap_getsock
000000000002fd00 0000000000000078 t imap_multi_statemach
000000000002fd80 00000000000000ac t imap_get_message
000000000002fe30 0000000000000184 t imap_atom
000000000002ffc0 00000000000000e0 t imap_perform_list
00000000000300a0 0000000000000014 t imap_continue_authenticate
00000000000300c0 0000000000000194 t imap_done
0000000000030260 00000000000000bc t imap_perform_fetch
0000000000030320 00000000000000f4 t imap_matchresp
0000000000030420 0000000000000318 t imap_endofresp
0000000000030740 0000000000000024 t imap_perform_authenticate
0000000000030770 00000000000000e0 t imap_perform_login
0000000000030850 00000000000000d4 t imap_perform_authentication
0000000000030930 000000000000019c t imap_connect
0000000000030ad0 0000000000000060 t imap_setup_connection
0000000000030b30 0000000000000090 t imap_perform_upgrade_tls
0000000000030bc0 00000000000000b4 t imap_disconnect
0000000000030c80 0000000000000878 t imap_do
0000000000031500 00000000000008e4 t imap_statemach_act
0000000000031df0 00000000000000bc t imap_doing
0000000000031eb0 0000000000000014 t pop3_continue_auth
0000000000031ed0 0000000000000008 t pop3_getsock
0000000000031ee0 0000000000000078 t pop3_multi_statemach
0000000000031f60 0000000000000080 t pop3_done
0000000000031fe0 00000000000000ac t pop3_get_message
0000000000032090 00000000000000bc t pop3_endofresp
0000000000032150 000000000000002c t pop3_perform_auth
0000000000032180 000000000000011c t pop3_perform_apop.part.0
00000000000322a0 0000000000000270 t pop3_connect
0000000000032510 00000000000000ac t pop3_disconnect
00000000000325c0 00000000000001a4 t pop3_do
0000000000032770 0000000000000060 t pop3_setup_connection
00000000000327d0 0000000000000098 t pop3_perform_upgrade_tls
0000000000032870 0000000000000118 t pop3_perform_authentication
0000000000032990 0000000000000078 t pop3_doing
0000000000032a10 000000000000032c t Curl_pop3_write
0000000000032d40 0000000000000664 t pop3_statemach_act
00000000000333b0 0000000000000014 t smtp_continue_auth
00000000000333d0 0000000000000008 t smtp_getsock
00000000000333e0 0000000000000078 t smtp_multi_statemach
0000000000033460 00000000000000ac t smtp_get_message
0000000000033510 0000000000000100 t smtp_endofresp
0000000000033610 00000000000000b4 t smtp_perform_authentication
00000000000336d0 0000000000000074 t smtp_parse_url_path
0000000000033750 00000000000001c8 t smtp_done
0000000000033920 000000000000002c t smtp_perform_auth
0000000000033950 000000000000016c t smtp_connect
0000000000033ac0 00000000000000b4 t smtp_parse_address.constprop.0
0000000000033b80 00000000000000c8 t smtp_perform_rcpt_to
0000000000033c50 00000000000001f8 t smtp_perform_command
0000000000033e50 0000000000000784 t smtp_do
00000000000345e0 0000000000000058 t smtp_setup_connection
0000000000034640 0000000000000098 t smtp_perform_upgrade_tls
00000000000346e0 000000000000081c t smtp_statemach_act
0000000000034f00 00000000000000ac t smtp_disconnect
0000000000034fb0 00000000000000bc t smtp_doing
0000000000035070 0000000000000200 t Curl_smtp_escape_eob
0000000000035270 000000000000009c t Curl_pp_state_timeout
0000000000035310 00000000000001fc t Curl_pp_statemach
0000000000035510 000000000000003c t Curl_pp_init
0000000000035550 0000000000000190 t Curl_pp_vsendf
00000000000356e0 0000000000000060 t Curl_pp_sendf
0000000000035740 0000000000000318 t Curl_pp_readresp
0000000000035a60 0000000000000020 t Curl_pp_getsock
0000000000035a80 0000000000000094 t Curl_pp_flushsend
0000000000035b20 0000000000000038 t Curl_pp_disconnect
0000000000035b60 000000000000002c t Curl_pp_moredata
0000000000035b90 0000000000000010 t rtsp_getsock_do
0000000000035ba0 000000000000004c t rtsp_setup_connection
0000000000035bf0 0000000000000038 t rtsp_disconnect
0000000000035c30 0000000000000060 t rtsp_conncheck
0000000000035c90 000000000000004c t rtsp_connect
0000000000035ce0 00000000000000a4 t rtsp_done
0000000000035d90 00000000000009a4 t rtsp_do
0000000000036740 00000000000002e8 t rtsp_rtp_readwrite
0000000000036a30 00000000000001b0 t Curl_rtsp_parseheader
0000000000036be0 0000000000000054 t Curl_gethostname
0000000000036c40 0000000000000260 t gopher_do
0000000000036ea0 0000000000000004 t Curl_sasl_cleanup
0000000000036eb0 00000000000000e8 t Curl_sasl_decode_mech
0000000000036fa0 00000000000000c0 t Curl_sasl_parse_url_auth_option
0000000000037060 000000000000001c t Curl_sasl_init
0000000000037080 0000000000000020 t Curl_sasl_can_authenticate
00000000000370a0 00000000000003b0 t Curl_sasl_start
0000000000037450 00000000000004bc t Curl_sasl_continue
0000000000037910 0000000000000128 t Curl_rand
0000000000037a40 00000000000000c0 t Curl_rand_hex
0000000000037b00 0000000000000144 t getASN1Element
0000000000037c50 00000000000000b4 t octet2str
0000000000037d10 0000000000000178 t encodeUint
0000000000037e90 00000000000002e8 t encodeOID
0000000000038180 00000000000000fc t OID2str.constprop.0
0000000000038280 00000000000006f8 t ASN1tostr.constprop.0
0000000000038980 00000000000000a4 t do_pubkey_field
0000000000038a30 0000000000000268 t encodeDN
0000000000038ca0 0000000000000074 t DNtostr
0000000000038d20 000000000000005c t dumpAlgo
0000000000038d80 00000000000002b0 t Curl_parseX509
0000000000039030 00000000000008a4 t Curl_extract_certinfo
00000000000398e0 00000000000002c8 t sha256_compress.isra.0
0000000000039bb0 0000000000000248 T Curl_sha256it
0000000000039e00 000000000000009c t Curl_doh_done
0000000000039ea0 000000000000008c t doh_write_cb
0000000000039f30 00000000000000d4 t cnameappend
000000000003a010 00000000000005d0 t dohprobe
000000000003a5e0 000000000000014c t Curl_doh
000000000003a730 0000000000000bdc t Curl_doh_is_resolved
000000000003b310 00000000000000b4 t free_urlhandle
000000000003b3d0 00000000000000a4 t find_host_sep
000000000003b480 000000000000018c t hostname_check
000000000003b610 000000000000010c t strcpy_url
000000000003b720 00000000000000f0 t Curl_is_absolute_url
000000000003b810 0000000000000914 t seturl
000000000003c130 000000000000001c t curl_url
000000000003c150 000000000000003c t curl_url_cleanup
000000000003c190 0000000000000198 t curl_url_dup
000000000003c330 00000000000005fc t curl_url_get
000000000003c930 0000000000000c2c t curl_url_set
000000000003d560 0000000000000094 t Curl_get_line
000000000003d600 000000000000001c t Curl_rename
000000000003d620 00000000000000f4 t Curl_os_get_system_proxy
000000000003d720 0000000000000054 t Curl_auth_build_spn
000000000003d780 000000000000015c t Curl_auth_create_plain_message
000000000003d8e0 00000000000000a4 t Curl_auth_create_login_message
000000000003d990 00000000000000a4 t Curl_auth_create_external_message
000000000003da40 0000000000000068 t Curl_auth_decode_cram_md5_message
000000000003dab0 00000000000001cc t Curl_auth_create_cram_md5_message
000000000003dc80 00000000000000bc t Curl_auth_create_oauth_bearer_message
000000000003dd40 0000000000000094 t Curl_auth_create_xoauth_bearer_message
000000000003dde0 0000000000000050 t file_setup_connection
000000000003de30 000000000000005c t file_disconnect
000000000003de90 000000000000005c t file_done
000000000003def0 000000000000055c t file_do
000000000003e450 000000000000012c t file_connect
000000000003e580 00000000000000a8 t setname
000000000003e630 00000000000002c0 t Curl_getformdata.part.0
000000000003e8f0 0000000000000060 t Curl_getformdata
000000000003e950 00000000000000ac t freedirs
000000000003ea00 0000000000000040 t ftp_multi_statemach
000000000003ea40 0000000000000008 t ftp_getsock
000000000003ea50 00000000000000a8 t ftp_connect
000000000003eb00 0000000000000088 t ftp_endofresp
000000000003eb90 0000000000000188 t ftp_state_retr
000000000003ed20 00000000000000ac t ftp_state_use_pasv
000000000003edd0 00000000000000b0 t ftp_epsv_disable
000000000003ee80 00000000000001f0 t ftp_state_ul_setup
000000000003f070 00000000000006dc t ftp_state_use_port
000000000003f750 0000000000000470 t ftp_state_pasv_resp
000000000003fbc0 000000000000007c t ftp_timeleft_accept
000000000003fc40 00000000000000b0 t InitiateTransfer
000000000003fcf0 0000000000000040 t wc_data_dtor
000000000003fd30 0000000000000390 t ftp_parse_url_path
00000000000400c0 000000000000010c t ftp_setup_connection
00000000000401d0 00000000000000a4 t ftp_domore_getsock
0000000000040280 000000000000012c t ftp_disconnect
00000000000403b0 00000000000000ac t ftp_doing
0000000000040460 0000000000000160 t AcceptServerConnect
00000000000405c0 0000000000000098 t ftp_state_type
0000000000040660 0000000000000064 t ftp_state_mdtm
00000000000406d0 00000000000002a0 t ftp_state_quote
0000000000040970 0000000000000104 t ftp_state_prepare_transfer
0000000000040a80 0000000000000064 t ftp_state_rest
0000000000040af0 0000000000000064 t ftp_state_size
0000000000040b60 00000000000002d0 t ftp_state_type_resp
0000000000040e30 00000000000001fc t Curl_GetFTPResponse
0000000000041030 0000000000000158 t ReceivedServerConnect
0000000000041190 00000000000000e0 t AllowServerConnect
0000000000041270 000000000000125c t ftp_statemach_act
00000000000424d0 0000000000000344 t ftp_do_more
0000000000042820 0000000000000790 t ftp_do
0000000000042fb0 0000000000000644 t ftp_done
0000000000043600 000000000000001c t Curl_fileinfo_alloc
0000000000043620 0000000000000048 t Curl_fileinfo_cleanup
0000000000043670 0000000000000178 t ftp_pl_insert_finfo.isra.0
00000000000437f0 000000000000001c t Curl_ftp_parselist_data_alloc
0000000000043810 0000000000000044 t Curl_ftp_parselist_data_free
0000000000043860 0000000000000008 t Curl_ftp_parselist_geterror
0000000000043870 0000000000000dd8 T Curl_ftp_parselist
0000000000044650 0000000000000198 t Curl_HMAC_init
00000000000447f0 0000000000000020 t Curl_HMAC_update
0000000000044810 000000000000008c t Curl_HMAC_final
00000000000448a0 00000000000002e4 t Curl_dedotdotify
0000000000044b90 0000000000000120 t Curl_range
0000000000044cb0 0000000000000044 T Curl_fnmatch
0000000000044d00 0000000000000114 t updatewindow
0000000000044e20 0000000000000050 t inflateStateCheck
0000000000044e70 0000000000000080 T inflateResetKeep
0000000000044ef0 0000000000000050 T inflateReset
0000000000044f40 00000000000000ac T inflateReset2
0000000000044ff0 0000000000000118 T inflateInit2_
0000000000045110 0000000000000010 T inflateInit_
0000000000045120 00000000000000b0 T inflatePrime
00000000000451d0 00000000000018ec T inflate
0000000000046ac0 000000000000005c T inflateEnd
0000000000046b20 00000000000000d4 T inflateGetDictionary
0000000000046c00 00000000000000c0 T inflateSetDictionary
0000000000046cc0 0000000000000068 T inflateGetHeader
0000000000046d30 0000000000000308 T inflateSync
0000000000047040 0000000000000070 T inflateSyncPoint
00000000000470b0 00000000000001e0 T inflateCopy
0000000000047290 0000000000000060 T inflateUndermine
00000000000472f0 000000000000007c T inflateValidate
0000000000047370 0000000000000090 T inflateMark
0000000000047400 0000000000000064 T inflateCodesUsed
0000000000047470 000000000000047c t inflate_table
00000000000478f0 000000000000000c T zlibVersion
0000000000047900 0000000000000008 T zlibCompileFlags
0000000000047910 0000000000000030 T zError
0000000000047940 0000000000000008 T zcalloc
0000000000047950 0000000000000008 T zcfree
0000000000047960 00000000000003a0 T adler32_z
0000000000047d00 0000000000000008 T adler32
0000000000047d10 00000000000000e4 T adler32_combine
0000000000047e00 00000000000000e4 T adler32_combine64
0000000000047ef0 000000000000000c T get_crc_table
0000000000047f00 00000000000003c4 T crc32_z
00000000000482d0 0000000000000008 T crc32
00000000000482e0 00000000000000cc T crc32_combine64
00000000000483b0 0000000000000004 T crc32_combine
00000000000483c0 0000000000000090 T crc32_combine_gen64
0000000000048450 0000000000000004 T crc32_combine_gen
0000000000048460 0000000000000044 T crc32_combine_op
00000000000484b0 00000000000004f4 t inflate_fast
00000000000489b0 0000000000000018 t _appletInfiniteSleepLoop
00000000000489d0 0000000000000108 t _appletCmdGetSession
0000000000048ae0 00000000000000cc t _appletCmdInU8NoOut
0000000000048bb0 00000000000000d0 t _appletCmdInSession
0000000000048c80 00000000000000cc t _appletCmdInU32NoOut
0000000000048d50 000000000000011c t _appletCreateLibraryApplet
0000000000048e70 0000000000000114 t _appletCmdGetSessionInU64
0000000000048f90 0000000000000120 t _appletCmdInHandleU64OutSession
00000000000490b0 000000000000012c t _appletGetSessionProxy.constprop.0
00000000000491e0 0000000000000148 t _appletOpenLibraryAppletProxy.constprop.0
0000000000049330 00000000000000f8 t _appletCmdGetEvent
0000000000049430 0000000000000284 t _appletStorageRW.part.0
00000000000496c0 000000000000012c t _appletCreateTransferMemoryStorage.isra.0
00000000000497f0 00000000000000d4 t _appletCmdNoInOutU8.isra.0
00000000000498d0 00000000000000d4 t _appletCmdNoInOutU32.isra.0
00000000000499b0 00000000000000d4 t _appletCmdNoInOutU64.isra.0
0000000000049a90 00000000000000c0 t _appletCmdNoIO.isra.0
0000000000049b50 0000000000000010 T appletGetAppletType
0000000000049b60 000000000000000c T appletGetThemeColorType
0000000000049b70 00000000000001b8 T appletSetFocusHandlingMode
0000000000049d30 000000000000005c T appletSetCpuBoostMode
0000000000049d90 000000000000002c T appletCreateManagedDisplayLayer
0000000000049dc0 000000000000000c T appletGetAppletResourceUserId
0000000000049dd0 0000000000000138 t _appletHolderCreateState
0000000000049f10 00000000000000a4 T appletCreateLibraryApplet
0000000000049fc0 00000000000000b0 T appletHolderClose
000000000004a070 00000000000000a0 T appletHolderStart
000000000004a110 0000000000000084 T appletHolderJoin
000000000004a1a0 0000000000000008 T appletHolderGetExitReason
000000000004a1b0 0000000000000070 T appletHolderGetPopInteractiveOutDataEvent
000000000004a220 0000000000000088 T appletHolderWaitInteractiveOut
000000000004a2b0 0000000000000028 T appletHolderPopOutData
000000000004a2e0 0000000000000028 T appletHolderPopInteractiveOutData
000000000004a310 0000000000000024 T appletHolderGetLibraryAppletInfo
000000000004a340 0000000000000028 T appletCreateStorage
000000000004a370 00000000000000b0 T appletCreateTransferMemoryStorage
000000000004a420 000000000000005c T appletCreateHandleStorage
000000000004a480 000000000000009c T appletCreateHandleStorageTmem
000000000004a520 0000000000000090 T appletStorageClose
000000000004a5b0 000000000000005c T appletHolderPushInData
000000000004a610 000000000000005c T appletHolderPushInteractiveInData
000000000004a670 0000000000000008 T appletStorageCloseTmem
000000000004a680 0000000000000018 T appletStorageWrite
000000000004a6a0 0000000000000018 T appletStorageRead
000000000004a6c0 0000000000000090 T appletNotifyRunning
000000000004a750 0000000000000078 T appletSetGamePlayRecordingState
000000000004a7d0 0000000000000ad4 t _appletCleanup
000000000004b2b0 0000000000000048 T appletExit
000000000004b300 0000000000000040 T appletGetLibraryAppletInfo
000000000004b340 0000000000000c14 T appletInitialize
000000000004bf60 0000000000000024 t _appletExitProcess
000000000004bf90 0000000000000074 T appletGetMessage
000000000004c010 0000000000000264 T appletProcessMessage
000000000004c280 0000000000000034 T appletMainLoop
000000000004c2c0 0000000000000078 t _csrngCleanup
000000000004c340 000000000000009c T csrngInitialize
000000000004c3e0 0000000000000048 T csrngExit
000000000004c430 00000000000000dc T csrngGetRandomBytes
000000000004c510 000000000000013c t _nifmCleanup
000000000004c650 0000000000000130 t _nifmConvertSfToNetworkProfileData
000000000004c780 00000000000003c8 T nifmInitialize
000000000004cb50 0000000000000048 T nifmExit
000000000004cba0 0000000000000128 T nifmGetCurrentNetworkProfile
000000000004ccd0 00000000000000e8 T nifmGetCurrentIpAddress
000000000004cdc0 00000000000000cc t _smCmifCmdInPid
000000000004ce90 0000000000000078 t _smCleanup
000000000004cf10 0000000000000048 T smAddOverrideHandle
000000000004cf60 0000000000000054 T smGetServiceOverride
000000000004cfc0 00000000000001ac T smInitialize
000000000004d170 0000000000000048 T smExit
000000000004d1c0 00000000000000d0 T smGetServiceOriginal
000000000004d290 0000000000000120 T smGetServiceWrapper
000000000004d3b0 00000000000000b4 t _sslCleanup
000000000004d470 00000000000001a0 t _sslCmdNoInOutU32
000000000004d610 0000000000000188 t _sslCmdNoIO
000000000004d7a0 00000000000001b0 t _sslCmdInBufNoOut
000000000004d950 000000000000018c t _sslCmdInU32NoOut
000000000004dae0 00000000000001c4 t _sslCmdOutBufOutU32
000000000004dcb0 000000000000022c t _sslCmdNoInOutBufTwoOutU32s
000000000004dee0 00000000000001a0 t _sslCmdInU8U32NoOut
000000000004e080 00000000000000f8 t _sslObjectClose
000000000004e180 0000000000000404 T sslInitialize
000000000004e590 0000000000000048 T sslExit
000000000004e5e0 0000000000000198 T sslCreateContext
000000000004e780 0000000000000004 T sslContextClose
000000000004e790 000000000000021c T sslContextCreateConnection
000000000004e9b0 00000000000001ec T sslContextImportServerPki
000000000004eba0 0000000000000220 T sslContextImportClientPki
000000000004edc0 0000000000000004 T sslConnectionClose
000000000004edd0 00000000000001b8 T sslConnectionSetSocketDescriptor
000000000004ef90 0000000000000028 T sslConnectionSetHostName
000000000004efc0 0000000000000018 T sslConnectionSetVerifyOption
000000000004efe0 0000000000000018 T sslConnectionSetIoMode
000000000004f000 0000000000000040 T sslConnectionDoHandshake
000000000004f040 0000000000000090 T sslConnectionGetServerCertDetail
000000000004f0d0 0000000000000030 T sslConnectionRead
000000000004f100 00000000000001e4 T sslConnectionWrite
000000000004f2f0 0000000000000018 T sslConnectionPending
000000000004f310 0000000000000030 T sslConnectionPeek
000000000004f340 0000000000000018 T sslConnectionGetVerifyCertError
000000000004f360 0000000000000018 T sslConnectionSetSessionCacheMode
000000000004f380 0000000000000024 T sslConnectionSetOption
000000000004f3b0 00000000000001f4 t _sha256ProcessBlocks
000000000004f5b0 0000000000000028 T sha256ContextCreate
000000000004f5e0 00000000000000f4 T sha256ContextUpdate
000000000004f6e0 00000000000000ec T sha256ContextGetHash
000000000004f7d0 0000000000000040 T sha256CalculateHash
000000000004f810 00000000000000b4 t _swkbdInitVersion
000000000004f8d0 00000000000000bc T swkbdCreate
000000000004f990 0000000000000030 T swkbdClose
000000000004f9c0 0000000000000068 T swkbdConfigMakePresetDefault
000000000004fa30 000000000000003c T swkbdConfigSetOkButtonText
000000000004fa70 000000000000003c T swkbdConfigSetHeaderText
000000000004fab0 000000000000003c T swkbdConfigSetGuideText
000000000004faf0 0000000000000060 T swkbdConfigSetInitialText
000000000004fb50 00000000000004ec T swkbdShow
0000000000050040 0000000000000004 W __libnx_alloc
0000000000050050 0000000000000014 W __libnx_aligned_alloc
0000000000050070 0000000000000004 W __libnx_free
0000000000050080 000000000000001c W diagAbortWithResult
00000000000500a0 0000000000000208 T envSetup
00000000000502b0 0000000000000020 T envGetMainThreadHandle
00000000000502d0 000000000000000c T envIsNso
00000000000502e0 0000000000000014 T envHasHeapOverride
0000000000050300 000000000000000c T envGetHeapOverrideAddr
0000000000050310 000000000000000c T envGetHeapOverrideSize
0000000000050320 0000000000000014 T envHasArgv
0000000000050340 000000000000000c T envGetArgv
0000000000050350 000000000000000c T envGetExitFuncPtr
0000000000050360 000000000000000c T envSetExitFuncPtr
0000000000050370 000000000000000c T envHasRandomSeed
0000000000050380 0000000000000010 T envGetRandomSeed
0000000000050390 0000000000000014 T hosversionGet
00000000000503b0 0000000000000010 T hosversionSet
00000000000503c0 000000000000009c T padConfigureInput
0000000000050460 0000000000000024 T padInitializeWithMask
0000000000050490 000000000000029c T padUpdate
0000000000050730 0000000000000038 T freeaddrinfo
0000000000050770 00000000000005a0 T getaddrinfo
0000000000050d10 0000000000000070 T gethostid
0000000000050d80 0000000000000034 T gethostname
0000000000050dc0 0000000000000050 t consoleDrawChar
0000000000050e10 00000000000000b8 t consoleNewRow
0000000000050ed0 0000000000000194 t consolePrintChar.part.0
0000000000051070 0000000000000df8 t con_write
0000000000051e70 0000000000000160 T consoleInit
0000000000051fd0 0000000000000044 T consoleExit
0000000000052020 000000000000002c T consoleUpdate
0000000000052050 00000000000001bc t ConsoleSwRenderer_drawChar
0000000000052210 00000000000000e8 t ConsoleSwRenderer_init
0000000000052300 0000000000000078 t ConsoleSwRenderer_flushAndSwap
0000000000052380 00000000000000dc t ConsoleSwRenderer_scrollWindow
0000000000052460 0000000000000050 t ConsoleSwRenderer_deinit
00000000000524b0 000000000000000c W getDefaultConsoleRenderer
00000000000524c0 0000000000000010 t fsdev_link
00000000000524d0 0000000000000010 t fsdev_dirreset
00000000000524e0 0000000000000010 t fsdev_chmod
00000000000524f0 0000000000000018 t error_cmp
0000000000052510 0000000000000020 t fsdev_dirclose
0000000000052530 000000000000001c t fsdev_close
0000000000052550 0000000000000074 t fsdev_converttimetoutc
00000000000525d0 00000000000000f8 t fsdevFindDevice.part.0
00000000000526d0 00000000000001cc t fsdev_fixpath
00000000000528a0 000000000000009c t _fsdevUnmountDeviceStruct.part.0
0000000000052940 0000000000000010 t fsdev_fchmod
0000000000052950 0000000000000100 t fsdev_diropen
0000000000052a50 00000000000000f8 t fsdev_statvfs
0000000000052b50 000000000000007c t fsdev_fsync
0000000000052bd0 00000000000000ec t fsdev_fstat
0000000000052cc0 0000000000000094 t fsdev_ftruncate
0000000000052d60 00000000000001d8 t fsdev_stat
0000000000052f40 000000000000014c t fsdev_rename
0000000000053090 000000000000013c t fsdev_chdir
00000000000531d0 00000000000000a4 t fsdev_rmdir
0000000000053280 00000000000000a4 t fsdev_mkdir
0000000000053330 00000000000000a4 t fsdev_unlink
00000000000533e0 000000000000013c t fsdev_write_safe
0000000000053520 0000000000000134 t fsdev_read_safe
0000000000053660 0000000000000100 t fsdev_read
0000000000053760 00000000000001d4 t fsdev_dirnext
0000000000053940 0000000000000124 t fsdev_write
0000000000053a70 0000000000000110 t fsdev_seek
0000000000053b80 0000000000000230 t fsdev_open
0000000000053db0 0000000000000324 T fsdevMountDevice
00000000000540e0 0000000000000040 T fsdevMountSdmc
0000000000054120 00000000000000bc T __libnx_init_cwd
00000000000541e0 0000000000000064 T fsdevUnmountAll
0000000000054250 000000000000007c t _socketGetFd
00000000000542d0 00000000000000a4 t _socketParseBsdResult.part.0
0000000000054380 0000000000000050 t _socketRead
00000000000543d0 0000000000000050 t _socketWrite
0000000000054420 0000000000000044 t _socketClose
0000000000054470 000000000000008c t _socketOpen
0000000000054500 000000000000001c T socketExit
0000000000054520 00000000000001b4 T socketInitialize
00000000000546e0 00000000000000c4 T socketSslConnectionSetSocketDescriptor
00000000000547b0 000000000000018c T poll
0000000000054940 0000000000000098 T socket
00000000000549e0 000000000000005c T recv
0000000000054a40 0000000000000064 T recvfrom
0000000000054ab0 000000000000005c T send
0000000000054b10 000000000000006c T sendto
0000000000054b80 00000000000000a0 T accept
0000000000054c20 0000000000000060 T bind
0000000000054c80 0000000000000060 T connect
0000000000054ce0 0000000000000058 T getpeername
0000000000054d40 0000000000000058 T getsockname
0000000000054da0 0000000000000060 T getsockopt
0000000000054e00 0000000000000058 T listen
0000000000054e60 0000000000000068 T setsockopt
0000000000054ed0 00000000000000bc T fcntl
0000000000054f90 00000000000001e4 T ioctl
0000000000055180 0000000000000020 T socketpair
00000000000551a0 00000000000001b4 t _inetAtonDetail
0000000000055360 00000000000000d4 t inet_ntop4.part.0
0000000000055440 0000000000000454 T inet_ntop
00000000000558a0 0000000000000280 T inet_pton
0000000000055b20 0000000000000128 T decode_utf8
0000000000055c50 0000000000000134 T utf16_to_utf8
0000000000055d90 0000000000000104 T utf8_to_utf16
0000000000055e94 T svcSetHeapSize
0000000000055ea8 T svcSetMemoryPermission
0000000000055eb0 T svcSetMemoryAttribute
0000000000055eb8 T svcUnmapMemory
0000000000055ec0 T svcQueryMemory
0000000000055ed4 T svcExitProcess
0000000000055edc T svcSleepThread
0000000000055ee4 T svcMapSharedMemory
0000000000055eec T svcUnmapSharedMemory
0000000000055ef4 T svcCreateTransferMemory
0000000000055f08 T svcCloseHandle
0000000000055f10 T svcResetSignal
0000000000055f18 T svcWaitSynchronization
0000000000055f2c T svcArbitrateLock
0000000000055f34 T svcArbitrateUnlock
0000000000055f3c T svcWaitProcessWideKeyAtomic
0000000000055f44 T svcSignalProcessWideKey
0000000000055f4c T svcConnectToNamedPort
0000000000055f60 T svcSendSyncRequest
0000000000055f68 T svcBreak
0000000000055f70 T svcReturnFromException
0000000000055f78 T svcGetInfo
0000000000055f8c T svcUnmapTransferMemory
0000000000055f94 T __aarch64_read_tp
0000000000055fa0 000000000000000c T eventLoadRemote
0000000000055fb0 0000000000000034 T eventWait
0000000000055ff0 0000000000000054 T eventClose
0000000000056050 00000000000000c8 T mutexLock
0000000000056120 0000000000000068 T mutexUnlock
0000000000056190 000000000000001c T mutexIsLockedByCurrentThread
00000000000561b0 0000000000000050 T rmutexLock
0000000000056200 0000000000000018 T rmutexUnlock
0000000000056220 00000000000000a8 T tmemCreate
00000000000562d0 000000000000002c T tmemCreateFromMemory
0000000000056300 0000000000000034 T tmemUnmap
0000000000056340 0000000000000030 T tmemCloseHandle
0000000000056370 000000000000009c T tmemWaitForPermission
0000000000056410 0000000000000050 T tmemClose
0000000000056460 0000000000000064 t _memregionInitWithInfo
00000000000564d0 0000000000000004 W __libnx_virtmem_rng
00000000000564e0 0000000000000164 t _memregionFindRandom
0000000000056650 0000000000000140 T virtmemSetup
0000000000056790 000000000000000c T virtmemLock
00000000000567a0 000000000000000c T virtmemUnlock
00000000000567b0 0000000000000050 T virtmemFindAslr
0000000000056800 000000000000057c T waitObjects
0000000000056d80 0000000000000184 T sessionmgrCreate
0000000000056f10 0000000000000084 T sessionmgrClose
0000000000056fa0 00000000000000a8 T sessionmgrAttachClient
0000000000057050 0000000000000060 T sessionmgrDetachClient
00000000000570b0 00000000000000d4 t _apmCleanup
0000000000057190 0000000000000194 T apmInitialize
0000000000057330 0000000000000048 T apmExit
0000000000057380 00000000000000c8 T apmSetPerformanceConfiguration
0000000000057450 00000000000000f4 t _bsdCleanup
0000000000057550 0000000000000144 t _bsdCmdInDomainTypeProtocol
00000000000576a0 00000000000001ec t _bsdCmdInSockfdOutSockaddr
0000000000057890 00000000000001ac t _bsdCmdInSockfdSockaddr
0000000000057a40 0000000000000124 t _bsdRegisterClient.constprop.0
0000000000057b70 0000000000000358 T bsdInitialize
0000000000057ed0 0000000000000048 T bsdExit
0000000000057f20 0000000000000008 T bsdSocket
0000000000057f30 00000000000001c8 T bsdOpen
0000000000058100 0000000000000250 T bsdPoll
0000000000058350 00000000000001bc T bsdRecv
0000000000058510 0000000000000268 T bsdRecvFrom
0000000000058780 00000000000001c8 T bsdSend
0000000000058950 000000000000025c T bsdSendTo
0000000000058bb0 0000000000000008 T bsdAccept
0000000000058bc0 0000000000000008 T bsdBind
0000000000058bd0 0000000000000008 T bsdConnect
0000000000058be0 0000000000000008 T bsdGetPeerName
0000000000058bf0 0000000000000008 T bsdGetSockName
0000000000058c00 00000000000001f0 T bsdGetSockOpt
0000000000058df0 0000000000000140 T bsdListen
0000000000058f30 0000000000000520 T bsdIoctl
0000000000059450 0000000000000178 T bsdFcntl
00000000000595d0 00000000000001c4 T bsdSetSockOpt
00000000000597a0 00000000000001bc T bsdWrite
0000000000059960 00000000000001b0 T bsdRead
0000000000059b10 0000000000000134 T bsdClose
0000000000059c50 00000000000000b4 t _fsCleanup
0000000000059d10 00000000000001c0 t _fsCmdNoIO
0000000000059ed0 00000000000001e0 t _fsFsCmdWithInPath
000000000005a0b0 00000000000001f8 t _fsFsCmdWithTwoInPaths
000000000005a2b0 000000000000028c t _fsFsOpenCommon
000000000005a540 00000000000001fc t _fsFsCmdWithInPathAndOutU64
000000000005a740 00000000000000f8 t _fsObjectClose
000000000005a840 000000000000017c t _fsCmdGetSession.constprop.0
000000000005a9c0 00000000000002f8 T fsInitialize
000000000005acc0 0000000000000048 T fsExit
000000000005ad10 0000000000000008 T fsOpenSdCardFileSystem
000000000005ad20 00000000000001ec T fsFsCreateFile
000000000005af10 0000000000000008 T fsFsDeleteFile
000000000005af20 0000000000000008 T fsFsCreateDirectory
000000000005af30 0000000000000008 T fsFsDeleteDirectory
000000000005af40 0000000000000008 T fsFsRenameFile
000000000005af50 0000000000000008 T fsFsRenameDirectory
000000000005af60 00000000000001f0 T fsFsGetEntryType
000000000005b150 0000000000000008 T fsFsOpenFile
000000000005b160 0000000000000008 T fsFsOpenDirectory
000000000005b170 0000000000000008 T fsFsGetFreeSpace
000000000005b180 0000000000000008 T fsFsGetTotalSpace
000000000005b190 0000000000000230 T fsFsGetFileTimeStampRaw
000000000005b3c0 0000000000000004 T fsFsClose
000000000005b3d0 0000000000000214 T fsFileRead
000000000005b5f0 00000000000001f8 T fsFileWrite
000000000005b7f0 0000000000000008 T fsFileFlush
000000000005b800 00000000000001c0 T fsFileSetSize
000000000005b800 00000000000001c0 t fsFileSetSize.localalias
000000000005b9c0 00000000000001d4 T fsFileGetSize
000000000005b9c0 00000000000001d4 t fsFileGetSize.localalias
000000000005bba0 0000000000000004 T fsFileClose
000000000005bbb0 0000000000000004 T fsDirClose
000000000005bbc0 0000000000000204 T fsDirRead
000000000005bdd0 000000000000012c t _hidCleanup
000000000005bf00 00000000000000d4 t _hidCmdInAruidNoOut
000000000005bfe0 00000000000000e0 t _hidCmdInU32AruidNoOut
000000000005c0c0 0000000000000194 t _hidGetStates
000000000005c260 000000000000026c T hidInitialize
000000000005c4d0 0000000000000048 T hidExit
000000000005c520 000000000000000c T hidGetSharedmemAddr
000000000005c530 0000000000000090 T hidGetNpadStyleSet
000000000005c5c0 0000000000000084 T hidInitializeNpad
000000000005c650 00000000000000a4 T hidGetNpadStatesFullKey
000000000005c700 00000000000000a4 T hidGetNpadStatesHandheld
000000000005c7b0 00000000000000a4 T hidGetNpadStatesJoyDual
000000000005c860 00000000000000a4 T hidGetNpadStatesJoyLeft
000000000005c910 00000000000000a4 T hidGetNpadStatesJoyRight
000000000005c9c0 0000000000000144 T hidGetNpadStatesGc
000000000005cb10 00000000000000a8 T hidGetNpadStatesSystemExt
000000000005cbc0 0000000000000008 T hidSetSupportedNpadStyleSet
000000000005cbd0 0000000000000100 T hidSetSupportedNpadIdType
000000000005ccd0 00000000000002ac T sfdnsresGetAddrInfoRequest
000000000005cf80 000000000000027c t _timeCleanup
000000000005d200 0000000000000100 t _timeCmdGetSession.constprop.0
000000000005d300 0000000000000104 t _timeReadClockFromSharedMem
000000000005d410 0000000000000300 T timeInitialize
000000000005d710 0000000000000048 T timeExit
000000000005d760 0000000000000038 T timeGetServiceSession_SystemClock
000000000005d7a0 00000000000000fc T timeGetCurrentTime
000000000005d8a0 0000000000000108 T timeToCalendarTimeWithMyRule
000000000005d9b0 0000000000000114 T timeToPosixTimeWithMyRule
000000000005dad0 0000000000000230 t _viCleanup
000000000005dd00 0000000000000100 t _viCmdGetSessionNoParams.constprop.0
000000000005de00 0000000000000368 T viInitialize
000000000005e170 0000000000000048 T viExit
000000000005e1c0 000000000000000c T viGetSession_IHOSBinderDriverRelay
000000000005e1d0 000000000000010c T viOpenDisplay
000000000005e2e0 00000000000000ec T viCloseDisplay
000000000005e3d0 00000000000000f4 T viCloseLayer
000000000005e4d0 0000000000000394 T viCreateLayer
000000000005e870 00000000000000d8 T viSetLayerScalingMode
000000000005e950 000000000000000c T nwindowGetDefault
000000000005e960 00000000000000a4 T __nx_win_init
000000000005ea10 0000000000000034 T __nx_win_exit
000000000005ea50 000000000000008c T framebufferMakeLinear
000000000005eae0 0000000000000084 T framebufferClose
000000000005eb70 0000000000000290 T framebufferCreate
000000000005ee00 000000000000007c T framebufferBegin
000000000005ee80 0000000000000198 T framebufferEnd
000000000005f020 0000000000000024 T nwindowIsValid
000000000005f050 000000000000007c T nwindowClose
000000000005f0d0 00000000000000f8 T nwindowCreate
000000000005f1d0 0000000000000038 T nwindowCreateFromLayer
000000000005f210 0000000000000084 T nwindowSetDimensions
000000000005f2a0 0000000000000180 T nwindowConfigureBuffer
000000000005f420 00000000000001cc T nwindowDequeueBuffer
000000000005f5f0 000000000000012c T nwindowQueueBuffer
000000000005f720 00000000000000bc T nwindowReleaseBuffers
000000000005f7e0 0000000000000040 T libappletArgsCreate
000000000005f820 0000000000000068 T libappletCreateWriteStorage
000000000005f890 0000000000000044 T libappletArgsPush
000000000005f8e0 0000000000000034 T libappletPushInData
000000000005f920 0000000000000314 W argvSetup
000000000005fc40 00000000000001fc T __nx_dynamic
000000000005fe40 00000000000000d0 W __libnx_initheap
000000000005ff10 00000000000000ec W __appInit
0000000000060000 0000000000000044 W __appExit
0000000000060050 000000000000002c W __libnx_init
0000000000060080 000000000000001c W __libnx_exit
00000000000600a0 000000000000001c T __syscall_exit
00000000000600c0 0000000000000034 T __syscall_getreent
0000000000060100 0000000000000004 T __syscall_lock_acquire
0000000000060110 0000000000000004 T __syscall_lock_release
0000000000060120 0000000000000004 T __syscall_lock_acquire_recursive
0000000000060130 0000000000000004 T __syscall_lock_release_recursive
0000000000060140 000000000000025c T __libnx_init_time
00000000000603a0 00000000000000e8 T __syscall_clock_gettime
0000000000060490 0000000000000088 T __syscall_gettod_r
0000000000060520 0000000000000098 T newlibSetup
00000000000605c0 00000000000000e8 T nxlinkSetup
00000000000606b0 0000000000000030 T _convert_errno
00000000000606e0 0000000000000060 T decode_utf16
0000000000060740 0000000000000058 T encode_utf16
00000000000607a0 00000000000000d0 T encode_utf8
0000000000060870 T armDCacheFlush
00000000000608a0 t armDCacheFlush_L0
00000000000608bc W __libnx_exception_entry
0000000000060948 t __libnx_exception_entry_start
0000000000060a70 t __libnx_exception_entry_abort
0000000000060a74 t __libnx_exception_entry_end
0000000000060a7c T __libnx_exception_returnentry
0000000000060aa0 0000000000000070 T condvarWaitTimeout
0000000000060b10 0000000000000410 T randomGet
0000000000060f20 0000000000000020 T randomGet64
0000000000060f40 0000000000000014 T shmemLoadRemote
0000000000060f60 0000000000000070 T shmemMap
0000000000060fd0 0000000000000034 T shmemUnmap
0000000000061010 000000000000004c T shmemClose
0000000000061060 00000000000000b0 T __libnx_init_thread
0000000000061110 00000000000000d0 t _nvCleanup
00000000000611e0 00000000000000d4 t _nvCmdInitialize.constprop.0
00000000000612c0 0000000000000018 W __nx_nv_create_tmem
00000000000612e0 00000000000003a8 T nvInitialize
0000000000061690 0000000000000048 T nvExit
00000000000616e0 00000000000000f4 T nvConvertError
00000000000617e0 0000000000000114 T nvOpen
0000000000061900 0000000000000310 T nvIoctl
0000000000061c10 00000000000000d4 T nvClose
0000000000061cf0 000000000000010c T nvQueryEvent
0000000000061e00 00000000000000d0 t _setsysGetFirmwareVersionImpl
0000000000061ed0 0000000000000078 t _setsysCleanup
0000000000061f50 00000000000000a0 T setsysInitialize
0000000000061ff0 0000000000000048 T setsysExit
0000000000062040 0000000000000048 T setsysGetFirmwareVersion
0000000000062090 0000000000000074 t _nvFenceCleanup
0000000000062110 0000000000000098 T nvFenceInit
00000000000621b0 0000000000000048 T nvFenceExit
0000000000062200 0000000000000290 T nvFenceWait
0000000000062490 000000000000007c T nvMultiFenceWait
0000000000062510 00000000000000ac T nvMapInit
00000000000625c0 0000000000000074 T nvMapExit
0000000000062640 000000000000008c T nvMapClose
00000000000626d0 0000000000000160 T nvMapCreate
0000000000062830 0000000000000024 T nvioctlNvhostCtrl_EventSignal
0000000000062860 000000000000003c T nvioctlNvhostCtrl_EventWait
00000000000628a0 0000000000000028 T nvioctlNvhostCtrl_EventWaitAsync
00000000000628d0 0000000000000024 T nvioctlNvhostCtrl_EventRegister
0000000000062900 0000000000000024 T nvioctlNvhostCtrl_EventUnregister
0000000000062930 000000000000003c T nvioctlNvmap_Create
0000000000062970 0000000000000030 T nvioctlNvmap_Alloc
00000000000629a0 0000000000000030 T nvioctlNvmap_Free
00000000000629d0 000000000000003c T nvioctlNvmap_GetId
0000000000062a10 000000000000001c T binderCreate
0000000000062a30 000000000000035c T binderTransactParcel
0000000000062d90 00000000000000e8 T binderConvertErrorCode
0000000000062e80 0000000000000124 T binderAdjustRefcount
0000000000062fb0 000000000000009c T binderInitSession
0000000000063050 000000000000005c T binderClose
00000000000630b0 0000000000000154 T binderGetNativeHandle
0000000000063210 00000000000000c8 T bqRequestBuffer
00000000000632e0 0000000000000128 T bqDequeueBuffer
0000000000063410 00000000000000c8 T bqQueueBuffer
00000000000634e0 0000000000000084 T bqCancelBuffer
0000000000063570 00000000000000d0 T bqConnect
0000000000063640 0000000000000088 T bqDisconnect
00000000000636d0 0000000000000194 T bqSetPreallocatedBuffer
0000000000063870 0000000000000030 T parcelCreate
00000000000638a0 0000000000000174 T parcelTransact
0000000000063a20 0000000000000080 T parcelWriteData
0000000000063aa0 0000000000000088 T parcelReadData
0000000000063b30 0000000000000020 T parcelWriteInt32
0000000000063b50 0000000000000020 T parcelWriteUInt32
0000000000063b70 000000000000007c T parcelWriteString16
0000000000063bf0 0000000000000030 T parcelWriteInterfaceToken
0000000000063c20 0000000000000024 T parcelReadInt32
0000000000063c50 0000000000000068 T parcelReadFlattenedObject
0000000000063cc0 0000000000000044 T parcelWriteFlattenedObject
0000000000063d20 00000000000000c4 T strncat
0000000000063e00 0000000000000004 T _ftell_r
0000000000063e20 000000000000001c T ftell
0000000000063e40 000000000000002c T fstat
0000000000063e80 0000000000000024 T getenv
0000000000063ec0 00000000000000b0 T sscanf
0000000000063f80 0000000000000134 t critical_factorization
00000000000640c0 00000000000002f0 t two_way_long_needle
00000000000643c0 0000000000000258 T strstr
0000000000064640 00000000000000cc T strchr
0000000000064720 0000000000000330 T _fread_r
0000000000064a60 0000000000000034 T fread
0000000000064ac0 00000000000000b8 T strnlen
0000000000064b80 00000000000000b4 T bsearch
0000000000064c40 00000000000000a8 T fputc
0000000000064d00 000000000000008c T open
0000000000064dc0 000000000000022c T memcpy
0000000000064dc0 T memmove
0000000000064fec 0000000000000074 t get_arg
0000000000065060 0000000000003260 T __ssvfscanf_r
00000000000682c0 0000000000000120 T _fopen_r
00000000000683e0 000000000000002c T fopen
0000000000068420 0000000000000058 t sulp
0000000000068480 00000000000012f8 T _strtod_l
0000000000069780 0000000000000040 T _strtod_r
00000000000697c0 000000000000001c T close
00000000000697e0 0000000000000028 T gmtime
0000000000069820 00000000000001a4 t _strtoull_l.isra.0
00000000000699e0 0000000000000034 T _strtoull_r
0000000000069a40 0000000000000104 T memset
0000000000069b60 000000000000002c T gettimeofday
0000000000069ba0 0000000000000110 t rshift
0000000000069cc0 0000000000000860 T __gethex
000000000006a520 00000000000000f8 T snprintf
000000000006a620 0000000000000080 T printf
000000000006a6a0 00000000000000b4 T fileno
000000000006a760 00000000000001a4 t _strtoul_l.isra.0
000000000006a920 0000000000000034 T _strtoul_r
000000000006a960 0000000000000040 T strtoul
000000000006a9c0 000000000000012c T strcpy
000000000006ab00 00000000000000d8 T _mbrtowc_r
000000000006ac00 0000000000000104 T strrchr
000000000006ad40 0000000000000150 T stpcpy
000000000006aea0 0000000000000184 T _fgets_r
000000000006b040 0000000000000034 T fgets
000000000006b080 000000000000002c T calloc
000000000006b0c0 0000000000000044 T access
000000000006b120 00000000000000d0 T __sccl
000000000006b200 000000000000002c T aligned_alloc
000000000006b240 000000000000018c T _memalign_r
000000000006b3e0 0000000000000014 T __errno
000000000006b400 00000000000000b0 T __swhatbuf_r
000000000006b4c0 00000000000000e8 T __smakebuf_r
000000000006b5c0 0000000000000034 T lseek
000000000006b600 0000000000000130 T strlen
000000000006b740 00000000000002c0 t _strtoll_l.isra.0
000000000006ba00 0000000000000034 T _strtoll_r
000000000006ba40 000000000000002c T __locale_mb_cur_max
000000000006ba80 00000000000000bc T _calloc_r
000000000006bb40 00000000000001ec T __sflush_r
000000000006bd40 00000000000000bc T _fflush_r
000000000006be00 000000000000003c T fflush
000000000006be40 00000000000000f4 T _fwrite_r
000000000006bf40 0000000000000034 T fwrite
000000000006bf80 000000000000002c T realloc
000000000006bfc0 000000000000006c T strcspn
000000000006c040 00000000000001b4 T strncmp
000000000006c200 000000000000094c T qsort
000000000006c200 000000000000094c t qsort.localalias
000000000006cb60 0000000000000168 T _ftello_r
000000000006cce0 00000000000000e4 T _putc_r
000000000006cde0 0000000000000840 T _malloc_r
000000000006d620 0000000000000118 T __swbuf_r
000000000006d740 00000000000001c8 T memcmp
000000000006d920 000000000000011c T _malloc_trim_r
000000000006da40 00000000000002d8 T _free_r
000000000006dd20 0000000000000278 T setvbuf
000000000006dfa0 0000000000000048 T strspn
000000000006dfe8 00000000000000f0 T _sungetc_r
000000000006e0d8 0000000000000070 T __ssrefill_r
000000000006e148 00000000000000dc T _sfread_r
000000000006e240 000000000000001c t stdio_exit_handler
000000000006e260 000000000000006c t cleanup_stdio
000000000006e2e0 0000000000000128 t global_stdio_init.part.0
000000000006e420 000000000000000c T __sfp_lock_acquire
000000000006e440 000000000000000c T __sfp_lock_release
000000000006e460 0000000000000130 T __sfp
000000000006e5a0 0000000000000054 T __sinit
000000000006e600 000000000000001c T atoi
000000000006e620 00000000000002c0 t _strtol_l.part.0
000000000006e8e0 0000000000000070 T _strtol_r
000000000006e960 0000000000000078 T strtol
000000000006e9e0 00000000000000a4 T __libc_init_array
000000000006eaa0 000000000000002c T rename
000000000006eae0 00000000000000ac T strncpy
000000000006eba0 0000000000000004 T _fseek_r
000000000006ebc0 0000000000000034 T fseek
000000000006ec00 0000000000000038 T malloc
000000000006ec40 000000000000001c T free
000000000006ec60 000000000000002c T write
000000000006eca0 000000000000012c T __swsetup_r
000000000006ede0 00000000000000d4 T _puts_r
000000000006eec0 000000000000001c T puts
000000000006eee0 00000000000000f4 T _findenv_r
000000000006efe0 0000000000000008 T __localeconv_l
000000000006f000 0000000000000028 T _localeconv_r
000000000006f040 000000000000004c T __sread
000000000006f0a0 0000000000000008 T __seofread
000000000006f0c0 0000000000000070 T __swrite
000000000006f140 0000000000000050 T __sseek
000000000006f1a0 0000000000000008 T __sclose
000000000006f1c0 0000000000000568 T _realloc_r
000000000006f740 000000000000001c T strdup
000000000006f760 000000000000000c T __malloc_lock
000000000006f780 000000000000000c T __malloc_unlock
000000000006f7a0 00000000000004c0 T _fseeko_r
000000000006fc60 0000000000000130 T _fclose_r
000000000006fda0 000000000000001c T fclose
000000000006fdc0 0000000000000048 T time
000000000006fe20 0000000000000080 T fprintf
000000000006fea0 0000000000000034 T setenv
000000000006fee0 000000000000002c T read
000000000006ff20 0000000000000004 W __call_exitprocs
000000000006ff24 0000000000000790 t get_arg
00000000000706b4 0000000000003a84 T _svfprintf_r
0000000000074140 00000000000000b8 T __sflags
0000000000074200 000000000000002c T stat
0000000000074240 0000000000000134 T strcmp
0000000000074380 00000000000000e0 T __utf8_wctomb
0000000000074460 0000000000000044 T __libc_fini_array
00000000000744c0 00000000000002a0 T gmtime_r
0000000000074760 00000000000000b0 T __xpg_strerror_r
0000000000074840 00000000000000dc T memchr
0000000000074920 0000000000000048 T __match
0000000000074980 000000000000025c T __hexnan
0000000000074be0 000000000000009c T sprintf
0000000000074c80 00000000000000a8 T __strtok_r
0000000000074d40 0000000000000008 T strtok_r
0000000000074d60 000000000000001c T unlink
0000000000074d80 0000000000000038 t lflush
0000000000074dc0 0000000000000190 T __srefill_r
0000000000074f60 000000000000000c T nan
0000000000074f80 000000000000000c T nanf
0000000000074fa0 000000000000007c T frexp
0000000000075020 00000000000000ac T stpncpy
00000000000750e0 000000000000000c T __env_lock
0000000000075100 000000000000000c T __env_unlock
0000000000075120 0000000000000064 T __assert_func
00000000000751a0 0000000000000054 T _strdup_r
0000000000075200 0000000000000008 T iswspace
0000000000075220 00000000000000a4 T _Balloc
00000000000752e0 0000000000000020 T _Bfree
0000000000075300 0000000000000118 T __multadd
0000000000075420 0000000000000144 T __s2b
0000000000075580 0000000000000094 T __hi0bits
0000000000075620 0000000000000100 T __lo0bits
0000000000075720 000000000000004c T __i2b
0000000000075780 0000000000000210 T __multiply
00000000000759a0 0000000000000104 T __pow5mult
0000000000075ac0 0000000000000174 T __lshift
0000000000075c40 0000000000000050 T __mcmp
0000000000075ca0 00000000000001c4 T __mdiff
0000000000075e80 0000000000000084 T __ulp
0000000000075f20 0000000000000168 T __b2d
00000000000760a0 000000000000014c T __d2b
0000000000076200 00000000000000b0 T __ratio
00000000000762c0 0000000000000074 T __copybits
0000000000076340 0000000000000068 T __any_on
00000000000763c0 0000000000000258 T _setenv_r
0000000000076620 0000000000000098 T _fwalk_sglue
00000000000766b8 0000000000000790 t get_arg
0000000000076e48 0000000000003bd4 T _vfprintf_r
000000000007aa1c 00000000000000cc t __sbprintf
000000000007ab00 00000000000000d0 T _wcrtomb_r
000000000007abe0 00000000000000b8 T __submore
000000000007aca0 00000000000000c8 T __ssprint_r
000000000007ad80 00000000000002dc T __utf8_mbtowc
000000000007b060 0000000000000080 T fiprintf
000000000007b0e0 00000000000004a4 T __sfvwrite_r
000000000007b5a0 0000000000000418 T _strerror_r
000000000007b9c0 0000000000000018 T abort
000000000007b9e0 0000000000000038 T __sprint_r
000000000007ba20 00000000000001a4 t quorem
000000000007bbe0 00000000000012f0 T _dtoa_r
000000000007cee0 0000000000000010 T _wcsrtombs_r
000000000007cf00 0000000000000048 T iswspace_l
000000000007cf60 0000000000000008 T _user_strerror
000000000007cf80 0000000000000188 T __ssputs_r
000000000007d108 0000000000000790 t get_arg
000000000007d898 0000000000002964 T _vfiprintf_r
00000000000801fc 00000000000000cc t __sbprintf
00000000000802e0 0000000000000188 T _wcsnrtombs_l
0000000000080480 0000000000000054 T _wcsnrtombs_r
00000000000804e0 000000000000009c T _raise_r
0000000000080580 000000000000001c T raise
00000000000805a0 0000000000000084 T category
0000000000080640 0000000000000020 T _exit
0000000000080660 000000000000016c T chdir
00000000000807e0 0000000000000030 T clock_gettime
0000000000080820 0000000000000218 T _concatenate_path
0000000000080a40 000000000000008c t __dirnext
0000000000080ae0 0000000000000110 T opendir
0000000000080c00 00000000000000ac T closedir
0000000000080cc0 0000000000000104 T readdir_r
0000000000080de0 0000000000000040 T readdir
0000000000080e20 000000000000044c T fnmatch
0000000000080e20 000000000000044c t fnmatch.localalias
0000000000081280 000000000000009c T _fstat_r
0000000000081320 0000000000000010 T _getpid_r
0000000000081340 0000000000000020 T __getreent
0000000000081360 0000000000000024 T _gettimeofday_r
00000000000813a0 00000000000000a0 T __release_handle
0000000000081440 0000000000000130 T __alloc_handle
0000000000081580 0000000000000060 T __get_handle
00000000000815e0 00000000000000f4 T _close_r
00000000000816e0 0000000000000008 t null_write
0000000000081700 0000000000000018 T setDefaultDevice
0000000000081720 00000000000000b8 T FindDevice
00000000000817e0 000000000000002c T RemoveDevice
0000000000081820 00000000000000a4 T AddDevice
00000000000818e0 0000000000000034 T GetDeviceOpTab
0000000000081920 0000000000000008 T _isatty_r
0000000000081940 0000000000000010 T _kill_r
0000000000081960 00000000000000a0 T _lseek_r
0000000000081a00 0000000000000088 T mkdir
0000000000081aa0 00000000000000f0 T _open_r
0000000000081ba0 00000000000000b0 T _read_r
0000000000081c60 00000000000000a8 T _rename_r
0000000000081d20 0000000000000078 W _sbrk_r
0000000000081da0 000000000000008c T _stat_r
0000000000081e40 0000000000000014 T __libc_lock_acquire
0000000000081e60 0000000000000014 T __libc_lock_release
0000000000081e80 0000000000000014 T __libc_lock_acquire_recursive
0000000000081ea0 0000000000000014 T __libc_lock_release_recursive
0000000000081ec0 0000000000000080 T _unlink_r
0000000000081f40 00000000000000b0 T _write_r
0000000000082000 0000000000000134 t __extenddftf2
0000000000082140 0000000000000380 t __trunctfdf2
00000000000824c0 0000000000000070 t __sfp_handle_exceptions
0000000000082530 T _init
0000000000082568 T _fini
000000000008c740 0000000000000011 r hex.0
000000000008c778 0000000000000010 r tv_zero.1
000000000008c850 0000000000000010 r tv_zero.1
000000000008cdf0 0000000000000080 r ascii
000000000008ceb8 000000000000000c r CSWTCH.69
000000000008ceb8 000000000000000c r CSWTCH.70
000000000008ced0 0000000000000041 r base64url
000000000008cf20 0000000000000041 r base64
000000000008cf70 0000000000000015 r s_infotype.0
000000000008cf88 0000000000000010 r CSWTCH.275
000000000008d0b8 0000000000000006 r strnil.0
000000000008d0c0 0000000000000006 r null.1
000000000008d0d0 0000000000000025 r upper_digits
000000000008d100 0000000000000025 r lower_digits
000000000008d210 0000000000000030 r month_days_cumulative.0
000000000008d240 000000000000033c r tz
000000000008d5d0 0000000000000001 r defaultVersion.0
000000000008d5d8 000000000000000a r sanOID
000000000008d5e8 0000000000000008 r cnOID
000000000008d5f0 0000000000000200 r K
000000000008d840 0000000000000021 r badbytes.0
000000000008d8a8 000000000000000a r mode.0
000000000008d8b8 000000000000000a r mode.1
000000000008d8c8 0000000000000008 r ftpauth.2
000000000008d8e8 0000000000000001 r hmac_opad
000000000008d8e9 0000000000000001 r hmac_ipad
000000000008d930 0000000000000800 r lenfix.1
000000000008e130 0000000000000080 r distfix.0
000000000008e1b0 0000000000000026 r order.2
000000000008e1e0 0000000000000040 r dext.0
000000000008e220 0000000000000040 r dbase.1
000000000008e260 000000000000003e r lext.2
000000000008e2a0 000000000000003e r lbase.3
000000000008e2e0 000000000000002f R inflate_copyright
000000000008e310 0000000000000400 r crc_table
000000000008e710 0000000000000080 r x2n_table
000000000008e790 0000000000002000 r crc_braid_table
0000000000090790 0000000000000014 r CSWTCH.1000
00000000000907b0 0000000000000020 r H_0.0
0000000000090800 0000000000000100 r s_roundConstants
0000000000090a80 0000000000000018 r grayScale
0000000000090a98 0000000000000006 r colorCube
0000000000090aa0 0000000000000030 r colorTable
0000000000090ad0 0000000000000020 r error_table
0000000000090af0 0000000000000024 r g_defaultSocketInitConfig
0000000000090b20 0000000000000011 r xdigits_u.0
0000000000090b40 0000000000000011 r xdigits_l.1
0000000000090b60 0000000000000011 r digits.2
0000000000090b78 R default_font_bin
0000000000092b78 R default_font_bin_end
0000000000092b78 0000000000000038 r g_defaultBsdInitConfig
0000000000092bc0 0000000000000038 r g_nvColorFmtTable
0000000000092bf8 0000000000000024 r s_emptyFence.0
0000000000092c20 0000000000000086 r _error_code_map
0000000000092d10 0000000000000023 r g_bq_InterfaceDescriptor
0000000000092e80 0000000000000022 r basefix.0
0000000000092ea8 0000000000000014 r fpinan.0
0000000000092ec0 0000000000000014 r fpi.1
0000000000092ee0 0000000000000028 r tinytens
0000000000092f08 0000000000000100 R __hexdig
0000000000093100 0000000000000010 r zeroes.0
0000000000093110 0000000000000010 r blanks.1
0000000000093120 0000000000000101 R _ctype_
0000000000093228 000000000000000c r p05.0
0000000000093238 0000000000000028 R __mprec_bigtens
0000000000093260 00000000000000c8 R __mprec_tens
0000000000093420 0000000000000010 r zeroes.0
0000000000093430 0000000000000010 r blanks.1
0000000000093440 000000000000006c R __action_table
00000000000934b0 000000000000006c R __state_table
0000000000093520 0000000000000100 R __chclass
0000000000093840 0000000000000010 r zeroes.0
0000000000093850 0000000000000010 r blanks.1
0000000000093860 00000000000037f8 r categories
0000000000097058 r __tls_align
0000000000097060 r __EH_FRAME_BEGIN__
0000000000097060 r __eh_frame_hdr_end
0000000000097060 r __eh_frame_hdr_start
00000000000a90e4 r __FRAME_END__
00000000000aa000 d __frame_dummy_init_array_entry
00000000000aa000 d __init_array_start
00000000000aa000 d __preinit_array_end
00000000000aa000 d __preinit_array_start
00000000000aa000 d __relro_start
00000000000aa008 d __do_global_dtors_aux_fini_array_entry
00000000000aa008 d __fini_array_start
00000000000aa008 d __init_array_end
00000000000aa010 d __fini_array_end
00000000000aa010 00000000000000a0 d ctts.0
00000000000aa0b0 00000000000000c0 d Curl_ssl_multi
00000000000aa170 0000000000000088 D Curl_handler_https
00000000000aa1f8 0000000000000088 D Curl_handler_http
00000000000aa280 0000000000000088 d Curl_handler_dummy
00000000000aa308 0000000000000088 D Curl_handler_dict
00000000000aa390 0000000000000088 D Curl_handler_telnet
00000000000aa420 00000000000000a0 d telnetcmds
00000000000aa4c0 0000000000000140 d telnetoptions
00000000000aa600 0000000000000030 d error_encoding
00000000000aa630 0000000000000030 d client_encoding
00000000000aa660 0000000000000020 d encodings
00000000000aa680 0000000000000030 d identity_encoding
00000000000aa6b0 0000000000000030 d gzip_encoding
00000000000aa6e0 0000000000000030 d deflate_encoding
00000000000aa710 0000000000000020 D Curl_DIGEST_MD5
00000000000aa730 0000000000000028 D Curl_HMAC_MD5
00000000000aa760 0000000000000038 d weekday
00000000000aa7a0 0000000000000060 D Curl_month
00000000000aa800 0000000000000038 D Curl_wkday
00000000000aa838 0000000000000088 D Curl_handler_tftp
00000000000aa8c0 0000000000000030 d saslimap
00000000000aa8f0 0000000000000088 D Curl_handler_imaps
00000000000aa978 0000000000000088 D Curl_handler_imap
00000000000aaa00 0000000000000030 d saslpop3
00000000000aaa30 0000000000000088 D Curl_handler_pop3s
00000000000aaab8 0000000000000088 D Curl_handler_pop3
00000000000aab40 0000000000000030 d saslsmtp
00000000000aab70 0000000000000088 D Curl_handler_smtps
00000000000aabf8 0000000000000088 D Curl_handler_smtp
00000000000aac80 0000000000000088 D Curl_handler_rtsp
00000000000aad08 0000000000000088 D Curl_handler_gopher
00000000000aad90 00000000000000f0 d mechtable
00000000000aae80 00000000000002f0 d OIDtable
00000000000ab170 0000000000000068 d errors
00000000000ab1d8 0000000000000088 D Curl_handler_file
00000000000ab260 0000000000000088 D Curl_handler_ftps
00000000000ab2e8 0000000000000088 D Curl_handler_ftp
00000000000ab370 0000000000000050 D z_errmsg
00000000000ab3c0 0000000000000100 d dotab_stdout
00000000000ab4c0 0000000000000100 d fsdev_devoptab
00000000000ab5c0 0000000000000100 d g_socketDevoptab
00000000000ab6c0 0000000000000100 D dotab_stdnull
00000000000ab7c0 0000000000000088 d finit.2
00000000000ab848 00000000000000c0 D Curl_ssl_libnx
00000000000ab910 0000000000000088 d protocols
00000000000ab998 a _DYNAMIC
00000000000abae8 d __got_start__
00000000000abae8 a _GLOBAL_OFFSET_TABLE_
00000000000abe98 d __got_end__
00000000000ac000 d __data_start
00000000000ac038 0000000000000008 D Curl_ccalloc
00000000000ac040 0000000000000008 D Curl_cstrdup
00000000000ac048 0000000000000008 D Curl_crealloc
00000000000ac050 0000000000000008 D Curl_cfree
00000000000ac058 0000000000000008 D Curl_cmalloc
00000000000ac060 0000000000000010 d available_backends
00000000000ac070 0000000000000008 D Curl_ssl
00000000000ac078 0000000000000008 V __nx_applet_init_timeout
00000000000ac080 0000000000000001 V __nx_applet_auto_notifyrunning
00000000000ac084 0000000000000004 V __nx_applet_type
00000000000ac088 0000000000000008 d currentConsole
00000000000ac090 0000000000000050 d defaultConsole
00000000000ac0e0 0000000000000088 d s_consoleSwRenderer
00000000000ac168 0000000000000001 V __nx_fsdev_support_cwd
00000000000ac16c 0000000000000004 V __nx_fsdev_direntry_cache_size
00000000000ac170 0000000000000008 V __nx_pollfd_sb_max_fds
00000000000ac178 0000000000000008 d g_bsdClientPid
00000000000ac180 0000000000000004 V __nx_fs_num_sessions
00000000000ac184 0000000000000004 d g_viServiceType
00000000000ac188 0000000000000004 V __nx_vi_stray_layer_flags
00000000000ac190 0000000000000008 V __nx_exception_stack_size
00000000000ac198 0000000000000004 V __nx_nv_transfermem_size
00000000000ac19c 0000000000000004 V __nx_nv_service_type
00000000000ac1a0 0000000000000004 d g_ctrl_fd
00000000000ac1a4 0000000000000004 d g_nvmap_fd
00000000000ac1a8 0000000000000008 D _impure_ptr
00000000000ac1b0 0000000000000240 D _impure_data
00000000000ac3f0 0000000000000290 D __global_locale
00000000000ac680 0000000000000008 D __malloc_sbrk_base
00000000000ac688 0000000000000008 D __malloc_trim_threshold
00000000000ac690 0000000000000810 D __malloc_av_
00000000000acea0 0000000000000018 D __sglue
00000000000aceb8 0000000000000008 D environ
00000000000acec0 0000000000000400 d _current_working_directory
00000000000ad2c0 0000000000002000 d handles
00000000000af2c0 0000000000000010 d __stderr_handle
00000000000af2d0 0000000000000010 d __stdout_handle
00000000000af2e0 0000000000000010 d __stdin_handle
00000000000af2f0 0000000000000118 D devoptab_list
00000000000af408 0000000000000004 d defaultDevice
00000000000af410 b __bss_start__
00000000000af410 d __tdata_lma
00000000000af410 d __tdata_lma_end
00000000000af410 b completed.1
00000000000af418 b object.0
00000000000af448 0000000000000004 b socket_initialized
00000000000af44c 0000000000000004 b initialized
00000000000af450 0000000000000008 b backends_len.0
00000000000af460 00000000000000c8 b backends.1
00000000000af528 0000000000000008 b selected.2
00000000000af530 0000000000000001 b init_ssl
00000000000af534 0000000000000004 b randseed.0
00000000000af538 0000000000000001 b seeded.1
00000000000af540 0000000000000008 b g_appletGuard
00000000000af548 0000000000000001 b g_appletInfoInitialized
00000000000af550 0000000000000050 b g_appletInfo
00000000000af5a0 0000000000000004 b g_appletCpuBoostMode
00000000000af5a4 0000000000000004 b g_appletThemeColorType
00000000000af5a8 000000000000000c b g_appletLibraryAppletLaunchableEvent
00000000000af5b4 0000000000000001 b g_appletSuspendedTickInitialized
00000000000af5b8 0000000000000008 b g_appletSuspendedTick
00000000000af5c0 0000000000000008 b g_appletInitTickBase
00000000000af5c8 000000000000000c b g_appletSuspendedTickEvent
00000000000af5d4 0000000000000001 b g_appletCopyrightInitialized
00000000000af5d8 0000000000000028 b g_appletCopyrightTmem
00000000000af600 0000000000000004 b g_appletRecordingInitialized
00000000000af608 0000000000000028 b g_appletRecordingTmem
00000000000af630 0000000000000018 b g_appletFirstHook
00000000000af648 0000000000000001 b g_appletNotifiedRunning
00000000000af649 0000000000000001 b g_appletFocusState
00000000000af64c 0000000000000004 b g_appletPerformanceMode
00000000000af650 0000000000000001 b g_appletOperationMode
00000000000af658 0000000000000008 b g_appletResourceUserId
00000000000af660 000000000000000c b g_appletMessageEvent
00000000000af670 0000000000000010 b g_appletIDebugFunctions
00000000000af680 0000000000000010 b g_appletIDisplayController
00000000000af690 0000000000000010 b g_appletIAudioController
00000000000af6a0 0000000000000010 b g_appletIWindowController
00000000000af6b0 0000000000000010 b g_appletISelfController
00000000000af6c0 0000000000000010 b g_appletICommonStateGetter
00000000000af6d0 0000000000000010 b g_appletILibraryAppletCreator
00000000000af6e0 0000000000000010 b g_appletIProcessWindingController
00000000000af6f0 0000000000000010 b g_appletILibraryAppletSelfAccessor
00000000000af700 0000000000000010 b g_appletIApplicationCreator
00000000000af710 0000000000000010 b g_appletIGlobalStateController
00000000000af720 0000000000000010 b g_appletIFunctions
00000000000af730 0000000000000010 b g_appletIAppletCommonFunctions
00000000000af740 0000000000000004 b g_appletExitProcessResult
00000000000af744 0000000000000001 b g_appletExitProcessFlag
00000000000af745 0000000000000001 b g_appletLeftInitialized
00000000000af748 0000000000000010 b g_appletProxySession
00000000000af758 0000000000000010 b g_appletSrv
00000000000af768 0000000000000004 V __nx_applet_exit_mode
00000000000af770 0000000000000008 V __nx_applet_PerformanceConfiguration
00000000000af778 0000000000000080 V __nx_applet_AppletAttribute
00000000000af7f8 0000000000000008 b g_csrngGuard
00000000000af800 0000000000000010 b g_csrngSrv
00000000000af810 0000000000000008 b g_nifmGuard
00000000000af818 0000000000000010 b g_nifmIGS
00000000000af828 0000000000000010 b g_nifmSrv
00000000000af838 0000000000000004 b g_nifmServiceType
00000000000af840 0000000000000008 b g_smGuard
00000000000af848 0000000000000008 b g_smOverridesNum
00000000000af850 0000000000000180 b g_smOverrides
00000000000af9d0 0000000000000010 b g_smSrv
00000000000af9e0 0000000000000008 b g_sslGuard
00000000000af9e8 0000000000000004 V __nx_ssl_service_type
00000000000af9f0 0000000000000054 b g_sslSessionMgr
00000000000afa48 0000000000000010 b g_sslSrv
00000000000afa58 0000000000000008 b g_userIdStorage
00000000000afa60 0000000000000010 b g_randomSeed
00000000000afa70 0000000000000001 b g_hasRandomSeed
00000000000afa74 0000000000000004 b g_lastLoadResult
00000000000afa78 0000000000000008 b g_nextLoadArgv
00000000000afa80 0000000000000008 b g_nextLoadPath
00000000000afa88 0000000000000004 b g_processHandle
00000000000afa90 0000000000000018 b g_syscallHints
00000000000afaa8 0000000000000008 b g_overrideArgv
00000000000afab0 0000000000000008 b g_overrideHeapSize
00000000000afab8 0000000000000008 b g_overrideHeapAddr
00000000000afac0 0000000000000008 b g_loaderRetAddr
00000000000afac8 0000000000000004 b g_mainThreadHandle
00000000000afad0 0000000000000008 b g_loaderInfoSize
00000000000afad8 0000000000000008 b g_loaderInfo
00000000000afae0 0000000000000001 b g_isNso
00000000000afae4 0000000000000004 b g_hosVersion
00000000000afae8 0000000000000001 b didFirstConsoleInit.0
00000000000afaf0 0000000000000068 b escapeSeq
00000000000afb58 0000000000000050 b currentCopy
00000000000afbb0 0000000000002800 b fsdev_fsdevices
00000000000b23b0 0000000000000004 b fsdev_fsdevice_cwd
00000000000b23b4 0000000000000001 b fsdev_initialised
00000000000b23b8 B __stack_top
00000000000b23c0 0000000000000001 b g_IsLegacyKernel
00000000000b23c8 0000000000000008 b g_Reservations
00000000000b23d0 0000000000000010 b g_StackRegion
00000000000b23e0 0000000000000010 b g_AslrRegion
00000000000b23f0 0000000000000010 b g_HeapRegion
00000000000b2400 0000000000000010 b g_AliasRegion
00000000000b2410 0000000000000004 b g_VirtmemMutex
00000000000b2418 0000000000000008 b g_apmGuard
00000000000b2420 0000000000000010 b g_apmISession
00000000000b2430 0000000000000010 b g_apmSrv
00000000000b2440 0000000000000008 b g_bsdGuard
00000000000b2448 0000000000000028 b g_bsdTmem
00000000000b2470 0000000000000054 b g_bsdSessionMgr
00000000000b24c8 0000000000000010 b g_bsdMonitor
00000000000b24d8 0000000000000010 b g_bsdSrv
00000000000b24e8 0000000000000008 b g_fsGuard
00000000000b24f0 0000000000000054 b g_fsSessionMgr
00000000000b2548 0000000000000010 b g_fsSrv
00000000000b2558 0000000000000008 b g_hidGuard
00000000000b2560 0000000000000008 b g_sevenSixAxisSensorBuffer
00000000000b2568 0000000000000020 b g_hidSharedmem
00000000000b2588 0000000000000010 b g_hidIActiveVibrationDeviceList
00000000000b2598 0000000000000010 b g_hidIAppletResource
00000000000b25a8 0000000000000010 b g_hidSrv
00000000000b25b8 0000000000000008 b g_timeGuard
00000000000b25c0 0000000000000020 b g_timeSharedmem
00000000000b25e0 0000000000000010 b g_timeLocalSystemClock
00000000000b25f0 0000000000000010 b g_timeTimeZoneService
00000000000b2600 0000000000000010 b g_timeSteadyClock
00000000000b2610 0000000000000010 b g_timeNetworkSystemClock
00000000000b2620 0000000000000010 b g_timeUserSystemClock
00000000000b2630 0000000000000010 b g_timeSrv
00000000000b2640 0000000000000004 V __nx_time_service_type
00000000000b2648 0000000000000008 b g_viGuard
00000000000b2650 0000000000000010 b g_viIHOSBinderDriverIndirect
00000000000b2660 0000000000000010 b g_viIManagerDisplayService
00000000000b2670 0000000000000010 b g_viISystemDisplayService
00000000000b2680 0000000000000010 b g_viIHOSBinderDriverRelay
00000000000b2690 0000000000000010 b g_viIApplicationDisplayService
00000000000b26a0 0000000000000010 b g_viRootService
00000000000b26b0 0000000000000008 V __nx_vi_layer_id
00000000000b26b8 0000000000000080 b g_defaultWin
00000000000b2738 0000000000000010 b g_viLayer
00000000000b2748 0000000000000050 b g_viDisplay
00000000000b2798 0000000000000008 b g_argv_empty
00000000000b27a0 0000000000000008 B __system_argv
00000000000b27a8 0000000000000004 B __system_argc
00000000000b27b0 0000000000000340 B __nx_exceptiondump
00000000000b2af0 0000000000000004 V __nx_exception_ignoredebug
00000000000b2b00 0000000000000400 V __nx_exception_stack
00000000000b2f00 0000000000000008 V __nx_heap_size
00000000000b2f08 0000000000000008 b __bootticks
00000000000b2f10 0000000000000008 b __boottime
00000000000b2f18 0000000000000004 V __nx_time_type
00000000000b2f20 0000000000000004 B __nxlink_host
00000000000b2f24 0000000000000004 b g_randMutex
00000000000b2f28 0000000000000001 b g_randInit
00000000000b2f30 0000000000000040 b g_chacha
00000000000b2f70 0000000000000038 b g_mainThread
00000000000b2fa8 0000000000000008 b g_threadList
00000000000b2fb0 0000000000000004 b g_threadMutex
00000000000b2fb8 0000000000000008 b g_nvGuard
00000000000b2fc0 0000000000000028 b g_nvTransfermem
00000000000b2fe8 0000000000000010 b g_nvSrvClone
00000000000b2ff8 0000000000000010 b g_nvSrv
00000000000b3008 0000000000000008 b g_setsysGuard
00000000000b3010 0000000000000010 b g_setsysSrv
00000000000b3020 0000000000000008 b g_nvFenceGuard
00000000000b3028 0000000000000300 b g_NvEvents
00000000000b3328 0000000000000008 b g_NvEventUsedMask
00000000000b3330 0000000000000008 b g_nvMapGuard
00000000000b3338 0000000000000050 B __malloc_current_mallinfo
00000000000b3388 0000000000000008 B __malloc_max_total_mem
00000000000b3390 0000000000000008 B __malloc_max_sbrked_mem
00000000000b3398 0000000000000008 B __malloc_top_pad
00000000000b33a0 0000000000000008 b __sfp_recursive_mutex
00000000000b33a8 0000000000000228 B __sf
00000000000b35d0 0000000000000008 B __stdio_exit_handler
00000000000b35d8 0000000000000008 b __malloc_recursive_mutex
00000000000b35e0 0000000000000008 b __env_recursive_mutex
00000000000b35e8 0000000000000004 b alloced.0
00000000000b35f0 0000000000000008 b initial_env
00000000000b3600 0000000000000400 b temp_cwd
00000000000b3a00 0000000000000004 b __hndl_lock
00000000000b3a08 0000000000000008 B fake_heap_start
00000000000b3a10 0000000000000008 B fake_heap_end
00000000000b3a18 0000000000000008 b heap_start.0
00000000000b3a20 b __tls_start
00000000000b3e40 b __bss_end__
00000000000b3e40 b __end__
00000000000b3e40 b __tls_end
00000000000b4000 b __argdata__
